Component: ARM Compiler 5.06 update 6 (build 750) Tool: armlink [4d35ed]

==============================================================================

Section Cross References

    main.o(i.main) refers to systick.o(i.SysTick_Init) for SysTick_Init
    main.o(i.main) refers to misc.o(i.NVIC_PriorityGroupConfig) for NVIC_PriorityGroupConfig
    main.o(i.main) refers to lcd.o(i.Lcd_Init) for Lcd_Init
    main.o(i.main) refers to key.o(i.KEY_Init) for KEY_Init
    main.o(i.main) refers to lcd.o(i.Lcd_Clear) for Lcd_Clear
    main.o(i.main) refers to ui.o(i.Draw_Hz_Select) for Draw_Hz_Select
    main.o(i.main) refers to key.o(i.KEY_Scan) for KEY_Scan
    main.o(i.main) refers to adc.o(i.TIM1_Init) for TIM1_Init
    main.o(i.main) refers to adc.o(i.ADC1_DMA1_Init) for ADC1_DMA1_Init
    main.o(i.main) refers to adc.o(i.ADC1_Init) for ADC1_Init
    main.o(i.main) refers to time.o(i.TIM2_Cap_Init) for TIM2_Cap_Init
    main.o(i.main) refers to ui.o(i.Draw_Menu) for Draw_Menu
    main.o(i.main) refers to ui.o(.bss) for oscilldev
    main.o(i.main) refers to main.o(.data) for menu
    main.o(i.main) refers to adc.o(.data) for filter
    startup_stm32f10x_hd.o(RESET) refers to startup_stm32f10x_hd.o(STACK) for __initial_sp
    startup_stm32f10x_hd.o(RESET) refers to startup_stm32f10x_hd.o(.text) for Reset_Handler
    startup_stm32f10x_hd.o(RESET) refers to stm32f10x_it.o(i.NMI_Handler) for NMI_Handler
    startup_stm32f10x_hd.o(RESET) refers to stm32f10x_it.o(i.HardFault_Handler) for HardFault_Handler
    startup_stm32f10x_hd.o(RESET) refers to stm32f10x_it.o(i.MemManage_Handler) for MemManage_Handler
    startup_stm32f10x_hd.o(RESET) refers to stm32f10x_it.o(i.BusFault_Handler) for BusFault_Handler
    startup_stm32f10x_hd.o(RESET) refers to stm32f10x_it.o(i.UsageFault_Handler) for UsageFault_Handler
    startup_stm32f10x_hd.o(RESET) refers to stm32f10x_it.o(i.SVC_Handler) for SVC_Handler
    startup_stm32f10x_hd.o(RESET) refers to stm32f10x_it.o(i.DebugMon_Handler) for DebugMon_Handler
    startup_stm32f10x_hd.o(RESET) refers to stm32f10x_it.o(i.PendSV_Handler) for PendSV_Handler
    startup_stm32f10x_hd.o(RESET) refers to stm32f10x_it.o(i.SysTick_Handler) for SysTick_Handler
    startup_stm32f10x_hd.o(RESET) refers to adc.o(i.DMA1_Channel1_IRQHandler) for DMA1_Channel1_IRQHandler
    startup_stm32f10x_hd.o(RESET) refers to time.o(i.TIM2_IRQHandler) for TIM2_IRQHandler
    startup_stm32f10x_hd.o(.text) refers to system_stm32f10x.o(i.SystemInit) for SystemInit
    startup_stm32f10x_hd.o(.text) refers to entry.o(.ARM.Collect$$$$00000000) for __main
    stm32f10x_gpio.o(i.GPIO_AFIODeInit) refers to stm32f10x_rcc.o(i.RCC_APB2PeriphResetCmd) for RCC_APB2PeriphResetCmd
    stm32f10x_gpio.o(i.GPIO_DeInit) refers to stm32f10x_rcc.o(i.RCC_APB2PeriphResetCmd) for RCC_APB2PeriphResetCmd
    stm32f10x_rcc.o(i.RCC_GetClocksFreq) refers to stm32f10x_rcc.o(.data) for APBAHBPrescTable
    stm32f10x_rcc.o(i.RCC_WaitForHSEStartUp) refers to stm32f10x_rcc.o(i.RCC_GetFlagStatus) for RCC_GetFlagStatus
    stm32f10x_tim.o(i.TIM_DeInit) refers to stm32f10x_rcc.o(i.RCC_APB2PeriphResetCmd) for RCC_APB2PeriphResetCmd
    stm32f10x_tim.o(i.TIM_DeInit) refers to stm32f10x_rcc.o(i.RCC_APB1PeriphResetCmd) for RCC_APB1PeriphResetCmd
    stm32f10x_tim.o(i.TIM_ETRClockMode1Config) refers to stm32f10x_tim.o(i.TIM_ETRConfig) for TIM_ETRConfig
    stm32f10x_tim.o(i.TIM_ETRClockMode2Config) refers to stm32f10x_tim.o(i.TIM_ETRConfig) for TIM_ETRConfig
    stm32f10x_tim.o(i.TIM_ICInit) refers to stm32f10x_tim.o(i.TI1_Config) for TI1_Config
    stm32f10x_tim.o(i.TIM_ICInit) refers to stm32f10x_tim.o(i.TIM_SetIC1Prescaler) for TIM_SetIC1Prescaler
    stm32f10x_tim.o(i.TIM_ICInit) refers to stm32f10x_tim.o(i.TI2_Config) for TI2_Config
    stm32f10x_tim.o(i.TIM_ICInit) refers to stm32f10x_tim.o(i.TIM_SetIC2Prescaler) for TIM_SetIC2Prescaler
    stm32f10x_tim.o(i.TIM_ICInit) refers to stm32f10x_tim.o(i.TI3_Config) for TI3_Config
    stm32f10x_tim.o(i.TIM_ICInit) refers to stm32f10x_tim.o(i.TIM_SetIC3Prescaler) for TIM_SetIC3Prescaler
    stm32f10x_tim.o(i.TIM_ICInit) refers to stm32f10x_tim.o(i.TI4_Config) for TI4_Config
    stm32f10x_tim.o(i.TIM_ICInit) refers to stm32f10x_tim.o(i.TIM_SetIC4Prescaler) for TIM_SetIC4Prescaler
    stm32f10x_tim.o(i.TIM_ITRxExternalClockConfig) refers to stm32f10x_tim.o(i.TIM_SelectInputTrigger) for TIM_SelectInputTrigger
    stm32f10x_tim.o(i.TIM_PWMIConfig) refers to stm32f10x_tim.o(i.TI1_Config) for TI1_Config
    stm32f10x_tim.o(i.TIM_PWMIConfig) refers to stm32f10x_tim.o(i.TIM_SetIC1Prescaler) for TIM_SetIC1Prescaler
    stm32f10x_tim.o(i.TIM_PWMIConfig) refers to stm32f10x_tim.o(i.TI2_Config) for TI2_Config
    stm32f10x_tim.o(i.TIM_PWMIConfig) refers to stm32f10x_tim.o(i.TIM_SetIC2Prescaler) for TIM_SetIC2Prescaler
    stm32f10x_tim.o(i.TIM_TIxExternalClockConfig) refers to stm32f10x_tim.o(i.TI2_Config) for TI2_Config
[...]
    Removing stm32f10x_tim.o(i.TIM_UpdateRequestConfig), (24 bytes).
    Removing stm32f10x_usart.o(i.USART_ClearFlag), (18 bytes).
    Removing stm32f10x_usart.o(i.USART_ClearITPendingBit), (30 bytes).
    Removing stm32f10x_usart.o(i.USART_ClockInit), (34 bytes).
    Removing stm32f10x_usart.o(i.USART_ClockStructInit), (12 bytes).
    Removing stm32f10x_usart.o(i.USART_Cmd), (24 bytes).
    Removing stm32f10x_usart.o(i.USART_DMACmd), (18 bytes).
    Removing stm32f10x_usart.o(i.USART_DeInit), (156 bytes).
    Removing stm32f10x_usart.o(i.USART_GetFlagStatus), (26 bytes).
    Removing stm32f10x_usart.o(i.USART_GetITStatus), (84 bytes).
    Removing stm32f10x_usart.o(i.USART_HalfDuplexCmd), (24 bytes).
    Removing stm32f10x_usart.o(i.USART_ITConfig), (74 bytes).
    Removing stm32f10x_usart.o(i.USART_Init), (216 bytes).
    Removing stm32f10x_usart.o(i.USART_IrDACmd), (24 bytes).
    Removing stm32f10x_usart.o(i.USART_IrDAConfig), (18 bytes).
    Removing stm32f10x_usart.o(i.USART_LINBreakDetectLengthConfig), (18 bytes).
    Removing stm32f10x_usart.o(i.USART_LINCmd), (24 bytes).
    Removing stm32f10x_usart.o(i.USART_OneBitMethodCmd), (24 bytes).
    Removing stm32f10x_usart.o(i.USART_OverSampling8Cmd), (22 bytes).
    Removing stm32f10x_usart.o(i.USART_ReceiveData), (10 bytes).
    Removing stm32f10x_usart.o(i.USART_ReceiverWakeUpCmd), (24 bytes).
    Removing stm32f10x_usart.o(i.USART_SendBreak), (10 bytes).
    Removing stm32f10x_usart.o(i.USART_SendData), (8 bytes).
    Removing stm32f10x_usart.o(i.USART_SetAddress), (18 bytes).
    Removing stm32f10x_usart.o(i.USART_SetGuardTime), (16 bytes).
    Removing stm32f10x_usart.o(i.USART_SetPrescaler), (16 bytes).
    Removing stm32f10x_usart.o(i.USART_SmartCardCmd), (24 bytes).
    Removing stm32f10x_usart.o(i.USART_SmartCardNACKCmd), (24 bytes).
    Removing stm32f10x_usart.o(i.USART_StructInit), (24 bytes).
    Removing stm32f10x_usart.o(i.USART_WakeUpConfig), (18 bytes).
    Removing stm32f10x_iwdg.o(i.IWDG_Enable), (16 bytes).
    Removing stm32f10x_iwdg.o(i.IWDG_GetFlagStatus), (24 bytes).
    Removing stm32f10x_iwdg.o(i.IWDG_ReloadCounter), (16 bytes).
    Removing stm32f10x_iwdg.o(i.IWDG_SetPrescaler), (12 bytes).
    Removing stm32f10x_iwdg.o(i.IWDG_SetReload), (12 bytes).
    Removing stm32f10x_iwdg.o(i.IWDG_WriteAccessCmd), (12 bytes).
    Removing stm32f10x_wwdg.o(i.WWDG_ClearFlag), (12 bytes).
    Removing stm32f10x_wwdg.o(i.WWDG_DeInit), (22 bytes).
    Removing stm32f10x_wwdg.o(i.WWDG_Enable), (16 bytes).
    Removing stm32f10x_wwdg.o(i.WWDG_EnableIT), (12 bytes).
    Removing stm32f10x_wwdg.o(i.WWDG_GetFlagStatus), (12 bytes).
    Removing stm32f10x_wwdg.o(i.WWDG_SetCounter), (16 bytes).
    Removing stm32f10x_wwdg.o(i.WWDG_SetPrescaler), (24 bytes).
    Removing stm32f10x_wwdg.o(i.WWDG_SetWindowValue), (40 bytes).
    Removing stm32f10x_bkp.o(i.BKP_ClearFlag), (20 bytes).
    Removing stm32f10x_bkp.o(i.BKP_ClearITPendingBit), (20 bytes).
    Removing stm32f10x_bkp.o(i.BKP_DeInit), (16 bytes).
    Removing stm32f10x_bkp.o(i.BKP_GetFlagStatus), (12 bytes).
    Removing stm32f10x_bkp.o(i.BKP_GetITStatus), (12 bytes).
    Removing stm32f10x_bkp.o(i.BKP_ITConfig), (12 bytes).
    Removing stm32f10x_bkp.o(i.BKP_RTCOutputConfig), (28 bytes).
    Removing stm32f10x_bkp.o(i.BKP_ReadBackupRegister), (28 bytes).
    Removing stm32f10x_bkp.o(i.BKP_SetRTCCalibrationValue), (28 bytes).
    Removing stm32f10x_bkp.o(i.BKP_TamperPinCmd), (12 bytes).
    Removing stm32f10x_bkp.o(i.BKP_TamperPinLevelConfig), (12 bytes).
    Removing stm32f10x_bkp.o(i.BKP_WriteBackupRegister), (28 bytes).
    Removing stm32f10x_pwr.o(i.PWR_BackupAccessCmd), (12 bytes).
    Removing stm32f10x_pwr.o(i.PWR_ClearFlag), (20 bytes).
    Removing stm32f10x_pwr.o(i.PWR_DeInit), (22 bytes).
    Removing stm32f10x_pwr.o(i.PWR_EnterSTANDBYMode), (52 bytes).
    Removing stm32f10x_pwr.o(i.PWR_EnterSTOPMode), (64 bytes).
    Removing stm32f10x_pwr.o(i.PWR_GetFlagStatus), (24 bytes).
    Removing stm32f10x_pwr.o(i.PWR_PVDCmd), (12 bytes).
    Removing stm32f10x_pwr.o(i.PWR_PVDLevelConfig), (24 bytes).
    Removing stm32f10x_pwr.o(i.PWR_WakeUpPinCmd), (12 bytes).
    Removing stm32f10x_adc.o(i.ADC_AnalogWatchdogCmd), (20 bytes).
    Removing stm32f10x_adc.o(i.ADC_AnalogWatchdogSingleChannelConfig), (16 bytes).
    Removing stm32f10x_adc.o(i.ADC_AnalogWatchdogThresholdsConfig), (6 bytes).
    Removing stm32f10x_adc.o(i.ADC_AutoInjectedConvCmd), (22 bytes).
    Removing stm32f10x_adc.o(i.ADC_ClearFlag), (6 bytes).
    Removing stm32f10x_adc.o(i.ADC_ClearITPendingBit), (10 bytes).
    Removing stm32f10x_adc.o(i.ADC_DeInit), (92 bytes).
    Removing stm32f10x_adc.o(i.ADC_DiscModeChannelCountConfig), (24 bytes).
    Removing stm32f10x_adc.o(i.ADC_DiscModeCmd), (22 bytes).
    Removing stm32f10x_adc.o(i.ADC_ExternalTrigInjectedConvCmd), (22 bytes).
    Removing stm32f10x_adc.o(i.ADC_ExternalTrigInjectedConvConfig), (16 bytes).
    Removing stm32f10x_adc.o(i.ADC_GetConversionValue), (8 bytes).
    Removing stm32f10x_adc.o(i.ADC_GetDualModeConversionValue), (12 bytes).
    Removing stm32f10x_adc.o(i.ADC_GetFlagStatus), (18 bytes).
    Removing stm32f10x_adc.o(i.ADC_GetITStatus), (36 bytes).
    Removing stm32f10x_adc.o(i.ADC_GetInjectedConversionValue), (28 bytes).
    Removing stm32f10x_adc.o(i.ADC_GetSoftwareStartConvStatus), (20 bytes).
    Removing stm32f10x_adc.o(i.ADC_GetSoftwareStartInjectedConvCmdStatus), (20 bytes).
    Removing stm32f10x_adc.o(i.ADC_ITConfig), (24 bytes).
    Removing stm32f10x_adc.o(i.ADC_InjectedChannelConfig), (130 bytes).
    Removing stm32f10x_adc.o(i.ADC_InjectedDiscModeCmd), (22 bytes).
    Removing stm32f10x_adc.o(i.ADC_InjectedSequencerLengthConfig), (24 bytes).
    Removing stm32f10x_adc.o(i.ADC_SetInjectedOffset), (20 bytes).
    Removing stm32f10x_adc.o(i.ADC_SoftwareStartConvCmd), (22 bytes).
    Removing stm32f10x_adc.o(i.ADC_SoftwareStartInjectedConvCmd), (22 bytes).
    Removing stm32f10x_adc.o(i.ADC_StructInit), (18 bytes).
    Removing stm32f10x_adc.o(i.ADC_TempSensorVrefintCmd), (36 bytes).
    Removing stm32f10x_dac.o(i.DAC_Cmd), (40 bytes).
    Removing stm32f10x_dac.o(i.DAC_DMACmd), (44 bytes).
    Removing stm32f10x_dac.o(i.DAC_DeInit), (22 bytes).
    Removing stm32f10x_dac.o(i.DAC_DualSoftwareTriggerCmd), (36 bytes).
    Removing stm32f10x_dac.o(i.DAC_GetDataOutputValue), (36 bytes).
    Removing stm32f10x_dac.o(i.DAC_Init), (52 bytes).
    Removing stm32f10x_dac.o(i.DAC_SetChannel1Data), (32 bytes).
    Removing stm32f10x_dac.o(i.DAC_SetChannel2Data), (32 bytes).
    Removing stm32f10x_dac.o(i.DAC_SetDualChannelData), (36 bytes).
    Removing stm32f10x_dac.o(i.DAC_SoftwareTriggerCmd), (44 bytes).
    Removing stm32f10x_dac.o(i.DAC_StructInit), (12 bytes).
    Removing stm32f10x_dac.o(i.DAC_WaveGenerationCmd), (40 bytes).
    Removing stm32f10x_dma.o(i.DMA_ClearFlag), (28 bytes).
    Removing stm32f10x_dma.o(i.DMA_GetCurrDataCounter), (8 bytes).
    Removing stm32f10x_dma.o(i.DMA_GetFlagStatus), (44 bytes).
    Removing stm32f10x_dma.o(i.DMA_GetITStatus), (44 bytes).
    Removing stm32f10x_dma.o(i.DMA_SetCurrDataCounter), (4 bytes).
    Removing stm32f10x_dma.o(i.DMA_StructInit), (26 bytes).
    Removing stm32f10x_rtc.o(i.RTC_ClearFlag), (16 bytes).
    Removing stm32f10x_rtc.o(i.RTC_ClearITPendingBit), (16 bytes).
    Removing stm32f10x_rtc.o(i.RTC_EnterConfigMode), (20 bytes).
    Removing stm32f10x_rtc.o(i.RTC_ExitConfigMode), (20 bytes).
    Removing stm32f10x_rtc.o(i.RTC_GetCounter), (20 bytes).
    Removing stm32f10x_rtc.o(i.RTC_GetDivider), (24 bytes).
    Removing stm32f10x_rtc.o(i.RTC_GetFlagStatus), (24 bytes).
    Removing stm32f10x_rtc.o(i.RTC_GetITStatus), (36 bytes).
    Removing stm32f10x_rtc.o(i.RTC_ITConfig), (32 bytes).
    Removing stm32f10x_rtc.o(i.RTC_SetAlarm), (28 bytes).
    Removing stm32f10x_rtc.o(i.RTC_SetCounter), (28 bytes).
    Removing stm32f10x_rtc.o(i.RTC_SetPrescaler), (32 bytes).
    Removing stm32f10x_rtc.o(i.RTC_WaitForLastTask), (20 bytes).
    Removing stm32f10x_rtc.o(i.RTC_WaitForSynchro), (36 bytes).
    Removing stm32f10x_can.o(i.CAN_CancelTransmit), (48 bytes).
    Removing stm32f10x_can.o(i.CAN_ClearFlag), (56 bytes).
    Removing stm32f10x_can.o(i.CAN_ClearITPendingBit), (168 bytes).
    Removing stm32f10x_can.o(i.CAN_DBGFreeze), (22 bytes).
    Removing stm32f10x_can.o(i.CAN_DeInit), (56 bytes).
    Removing stm32f10x_can.o(i.CAN_FIFORelease), (22 bytes).
    Removing stm32f10x_can.o(i.CAN_FilterInit), (264 bytes).
    Removing stm32f10x_can.o(i.CAN_GetFlagStatus), (120 bytes).
    Removing stm32f10x_can.o(i.CAN_GetITStatus), (288 bytes).
    Removing stm32f10x_can.o(i.CAN_GetLSBTransmitErrorCounter), (12 bytes).
    Removing stm32f10x_can.o(i.CAN_GetLastErrorCode), (12 bytes).
    Removing stm32f10x_can.o(i.CAN_GetReceiveErrorCounter), (10 bytes).
    Removing stm32f10x_can.o(i.CAN_ITConfig), (18 bytes).
    Removing stm32f10x_can.o(i.CAN_Init), (276 bytes).
    Removing stm32f10x_can.o(i.CAN_MessagePending), (30 bytes).
    Removing stm32f10x_can.o(i.CAN_OperatingModeRequest), (162 bytes).
    Removing stm32f10x_can.o(i.CAN_Receive), (240 bytes).
    Removing stm32f10x_can.o(i.CAN_SlaveStartBank), (52 bytes).
    Removing stm32f10x_can.o(i.CAN_Sleep), (30 bytes).
    Removing stm32f10x_can.o(i.CAN_StructInit), (32 bytes).
    Removing stm32f10x_can.o(i.CAN_TTComModeCmd), (118 bytes).
    Removing stm32f10x_can.o(i.CAN_Transmit), (294 bytes).
    Removing stm32f10x_can.o(i.CAN_TransmitStatus), (160 bytes).
    Removing stm32f10x_can.o(i.CAN_WakeUp), (48 bytes).
    Removing stm32f10x_can.o(i.CheckITStatus), (18 bytes).
    Removing stm32f10x_fsmc.o(i.FSMC_ClearFlag), (64 bytes).
    Removing stm32f10x_fsmc.o(i.FSMC_ClearITPendingBit), (72 bytes).
    Removing stm32f10x_fsmc.o(i.FSMC_GetECC), (28 bytes).
    Removing stm32f10x_fsmc.o(i.FSMC_GetFlagStatus), (56 bytes).
    Removing stm32f10x_fsmc.o(i.FSMC_GetITStatus), (68 bytes).
    Removing stm32f10x_fsmc.o(i.FSMC_ITConfig), (128 bytes).
    Removing stm32f10x_fsmc.o(i.FSMC_NANDCmd), (92 bytes).
    Removing stm32f10x_fsmc.o(i.FSMC_NANDDeInit), (68 bytes).
    Removing stm32f10x_fsmc.o(i.FSMC_NANDECCCmd), (92 bytes).
    Removing stm32f10x_fsmc.o(i.FSMC_NANDInit), (136 bytes).
    Removing stm32f10x_fsmc.o(i.FSMC_NANDStructInit), (54 bytes).
    Removing stm32f10x_fsmc.o(i.FSMC_NORSRAMCmd), (52 bytes).
    Removing stm32f10x_fsmc.o(i.FSMC_NORSRAMDeInit), (54 bytes).
    Removing stm32f10x_fsmc.o(i.FSMC_NORSRAMInit), (230 bytes).
    Removing stm32f10x_fsmc.o(i.FSMC_NORSRAMStructInit), (114 bytes).
    Removing stm32f10x_fsmc.o(i.FSMC_PCCARDCmd), (48 bytes).
    Removing stm32f10x_fsmc.o(i.FSMC_PCCARDDeInit), (40 bytes).
    Removing stm32f10x_fsmc.o(i.FSMC_PCCARDInit), (132 bytes).
    Removing stm32f10x_fsmc.o(i.FSMC_PCCARDStructInit), (60 bytes).
    Removing system_stm32f10x.o(i.SystemCoreClockUpdate), (164 bytes).
    Removing system_stm32f10x.o(.data), (20 bytes).
    Removing core_cm3.o(.emb_text), (32 bytes).
    Removing lcd.o(i.Lcd_ReadPoint), (24 bytes).
    Removing lcd.o(i.Lcd_SetXY), (20 bytes).
    Removing lcd.o(i.Lcd_WriteReg), (20 bytes).
    Removing ui.o(i.DisplayButtonDown), (130 bytes).
    Removing ui.o(i.DisplayButtonUp), (130 bytes).
    Removing ui.o(i.Draw_GeZi), (180 bytes).
    Removing ui.o(i.Draw_Wave), (212 bytes).
    Removing ui.o(i.Draw_maichong), (620 bytes).
    Removing ui.o(i.Gui_Circle), (300 bytes).
    Removing ui.o(i.Gui_DrawFont_GBK24), (496 bytes).
    Removing ui.o(i.Gui_DrawLine), (186 bytes).
    Removing ui.o(i.Gui_box), (188 bytes).
    Removing ui.o(i.Gui_box2), (386 bytes).
    Removing ui.o(i.LCD_BGR2RGB), (26 bytes).
    Removing ui.o(i.wave_judge), (88 bytes).
    Removing cr4_fft_1024_stm32.o(.text), (4576 bytes).
    Removing cdcmple.o(.text), (48 bytes).

314 unused section(s) (total 20176 bytes) removed from the image.

==============================================================================

Image Symbol Table

    Local Symbols

    Symbol Name                              Value     Ov Type        Size  Object(Section)

    ../clib/../cmprslib/zerorunl2.c          0x00000000   Number         0  __dczerorl2.o ABSOLUTE
    ../clib/microlib/division.c              0x00000000   Number         0  uldiv.o ABSOLUTE
    ../clib/microlib/division.c              0x00000000   Number         0  uidiv.o ABSOLUTE
    ../clib/microlib/errno.c                 0x00000000   Number         0  errno.o ABSOLUTE
    ../clib/microlib/init/entry.s            0x00000000   Number         0  entry9a.o ABSOLUTE
    ../clib/microlib/init/entry.s            0x00000000   Number         0  entry8b.o ABSOLUTE
    ../clib/microlib/init/entry.s            0x00000000   Number         0  entry8a.o ABSOLUTE
    ../clib/microlib/init/entry.s            0x00000000   Number         0  entry.o ABSOLUTE
    ../clib/microlib/init/entry.s            0x00000000   Number         0  entry7b.o ABSOLUTE
    ../clib/microlib/init/entry.s            0x00000000   Number         0  entry7a.o ABSOLUTE
    ../clib/microlib/init/entry.s            0x00000000   Number         0  entry2.o ABSOLUTE
    ../clib/microlib/init/entry.s            0x00000000   Number         0  entry5.o ABSOLUTE
    ../clib/microlib/init/entry.s            0x00000000   Number         0  entry11b.o ABSOLUTE
    ../clib/microlib/init/entry.s            0x00000000   Number         0  entry11a.o ABSOLUTE
    ../clib/microlib/init/entry.s            0x00000000   Number         0  entry10b.o ABSOLUTE
    ../clib/microlib/init/entry.s            0x00000000   Number         0  entry10a.o ABSOLUTE
    ../clib/microlib/init/entry.s            0x00000000   Number         0  entry9b.o ABSOLUTE
    ../clib/microlib/longlong.c              0x00000000   Number         0  llushr.o ABSOLUTE
    ../clib/microlib/longlong.c              0x00000000   Number         0  llshl.o ABSOLUTE
    ../clib/microlib/longlong.c              0x00000000   Number         0  llsshr.o ABSOLUTE
    ../clib/microlib/printf/printf.c         0x00000000   Number         0  printf3.o ABSOLUTE
    ../clib/microlib/printf/printf.c         0x00000000   Number         0  printf7.o ABSOLUTE
    ../clib/microlib/printf/printf.c         0x00000000   Number         0  printfa.o ABSOLUTE
    ../clib/microlib/printf/printf.c         0x00000000   Number         0  printf2.o ABSOLUTE
    ../clib/microlib/printf/printf.c         0x00000000   Number         0  printf1.o ABSOLUTE
    ../clib/microlib/printf/printf.c         0x00000000   Number         0  printf8.o ABSOLUTE
    ../clib/microlib/printf/printf.c         0x00000000   Number         0  printf0.o ABSOLUTE
    ../clib/microlib/printf/printf.c         0x00000000   Number         0  printf4.o ABSOLUTE
    ../clib/microlib/printf/printf.c         0x00000000   Number         0  printf6.o ABSOLUTE
    ../clib/microlib/printf/printf.c         0x00000000   Number         0  printfb.o ABSOLUTE
    ../clib/microlib/printf/printf.c         0x00000000   Number         0  printf5.o ABSOLUTE
    ../clib/microlib/printf/stubs.s          0x00000000   Number         0  stubs.o ABSOLUTE
    ../clib/microlib/stdio/fputc.c           0x00000000   Number         0  fputc.o ABSOLUTE
    ../clib/microlib/stdio/semi.s            0x00000000   Number         0  semi.o ABSOLUTE
    ../clib/microlib/stdio/streams.c         0x00000000   Number         0  stdout.o ABSOLUTE
    ../clib/microlib/stubs.s                 0x00000000   Number         0  iusesemip.o ABSOLUTE
    ../clib/microlib/stubs.s                 0x00000000   Number         0  iusefp.o ABSOLUTE
    ../fplib/microlib/d2f.c                  0x00000000   Number         0  d2f.o ABSOLUTE
    ../fplib/microlib/f2d.c                  0x00000000   Number         0  f2d.o ABSOLUTE
    ../fplib/microlib/fpadd.c                0x00000000   Number         0  fadd.o ABSOLUTE
    ../fplib/microlib/fpadd.c                0x00000000   Number         0  dadd.o ABSOLUTE
    ../fplib/microlib/fpdiv.c                0x00000000   Number         0  fdiv.o ABSOLUTE
    ../fplib/microlib/fpdiv.c                0x00000000   Number         0  ddiv.o ABSOLUTE
    ../fplib/microlib/fpepilogue.c           0x00000000   Number         0  fepilogue.o ABSOLUTE
    ../fplib/microlib/fpepilogue.c           0x00000000   Number         0  depilogue.o ABSOLUTE
    ../fplib/microlib/fpfix.c                0x00000000   Number         0  dfixul.o ABSOLUTE
    ../fplib/microlib/fpfix.c                0x00000000   Number         0  ffixui.o ABSOLUTE
    ../fplib/microlib/fpfix.c                0x00000000   Number         0  ffixi.o ABSOLUTE
    ../fplib/microlib/fpflt.c                0x00000000   Number         0  ffltui.o ABSOLUTE
    ../fplib/microlib/fpflt.c                0x00000000   Number         0  fflti.o ABSOLUTE
    ../fplib/microlib/fpflt.c                0x00000000   Number         0  dfltui.o ABSOLUTE
    ../fplib/microlib/fpmul.c                0x00000000   Number         0  dmul.o ABSOLUTE
    ../fplib/microlib/fpmul.c                0x00000000   Number         0  fmul.o ABSOLUTE
    ../fplib/microlib/fpsqrt.c               0x00000000   Number         0  dsqrt.o ABSOLUTE
    ../mathlib/sqrt.c                        0x00000000   Number         0  sqrt.o ABSOLUTE
    ../mathlib/sqrt.c                        0x00000000   Number         0  sqrt_x.o ABSOLUTE
    APP\adc\adc.c                            0x00000000   Number         0  adc.o ABSOLUTE
    APP\key\key.c                            0x00000000   Number         0  key.o ABSOLUTE
    APP\lcd\lcd.c                            0x00000000   Number         0  lcd.o ABSOLUTE
    APP\time\time.c                          0x00000000   Number         0  time.o ABSOLUTE
    APP\ui\ui.c                              0x00000000   Number         0  ui.o ABSOLUTE
    DSP_Library\Src\fft_calculate.c          0x00000000   Number         0  fft_calculate.o ABSOLUTE
    DSP_Library\cr4_fft_1024_stm32.s         0x00000000   Number         0  cr4_fft_1024_stm32.o ABSOLUTE
    DSP_Library\cr4_fft_256_stm32.s          0x00000000   Number         0  cr4_fft_256_stm32.o ABSOLUTE
    Libraries\CMSIS\core_cm3.c               0x00000000   Number         0  core_cm3.o ABSOLUTE
    Libraries\CMSIS\startup_stm32f10x_hd.s   0x00000000   Number         0  startup_stm32f10x_hd.o ABSOLUTE
    Libraries\CMSIS\system_stm32f10x.c       0x00000000   Number         0  system_stm32f10x.o ABSOLUTE
    Libraries\STM32F10x_StdPeriph_Driver\src\misc.c 0x00000000   Number         0  misc.o ABSOLUTE
    Libraries\STM32F10x_StdPeriph_Driver\src\stm32f10x_adc.c 0x00000000   Number         0  stm32f10x_adc.o ABSOLUTE
    Libraries\STM32F10x_StdPeriph_Driver\src\stm32f10x_bkp.c 0x00000000   Number         0  stm32f10x_bkp.o ABSOLUTE
    Libraries\STM32F10x_StdPeriph_Driver\src\stm32f10x_can.c 0x00000000   Number         0  stm32f10x_can.o ABSOLUTE
    Libraries\STM32F10x_StdPeriph_Driver\src\stm32f10x_dac.c 0x00000000   Number         0  stm32f10x_dac.o ABSOLUTE
    Libraries\STM32F10x_StdPeriph_Driver\src\stm32f10x_dma.c 0x00000000   Number         0  stm32f10x_dma.o ABSOLUTE
    Libraries\STM32F10x_StdPeriph_Driver\src\stm32f10x_exti.c 0x00000000   Number         0  stm32f10x_exti.o ABSOLUTE
    Libraries\STM32F10x_StdPeriph_Driver\src\stm32f10x_fsmc.c 0x00000000   Number         0  stm32f10x_fsmc.o ABSOLUTE
    Libraries\STM32F10x_StdPeriph_Driver\src\stm32f10x_gpio.c 0x00000000   Number         0  stm32f10x_gpio.o ABSOLUTE
    Libraries\STM32F10x_StdPeriph_Driver\src\stm32f10x_iwdg.c 0x00000000   Number         0  stm32f10x_iwdg.o ABSOLUTE
    Libraries\STM32F10x_StdPeriph_Driver\src\stm32f10x_pwr.c 0x00000000   Number         0  stm32f10x_pwr.o ABSOLUTE
    Libraries\STM32F10x_StdPeriph_Driver\src\stm32f10x_rcc.c 0x00000000   Number         0  stm32f10x_rcc.o ABSOLUTE
    Libraries\STM32F10x_StdPeriph_Driver\src\stm32f10x_rtc.c 0x00000000   Number         0  stm32f10x_rtc.o ABSOLUTE
    Libraries\STM32F10x_StdPeriph_Driver\src\stm32f10x_tim.c 0x00000000   Number         0  stm32f10x_tim.o ABSOLUTE
    Libraries\STM32F10x_StdPeriph_Driver\src\stm32f10x_usart.c 0x00000000   Number         0  stm32f10x_usart.o ABSOLUTE
    Libraries\STM32F10x_StdPeriph_Driver\src\stm32f10x_wwdg.c 0x00000000   Number         0  stm32f10x_wwdg.o ABSOLUTE
    Libraries\\CMSIS\\core_cm3.c             0x00000000   Number         0  core_cm3.o ABSOLUTE
    Public\SysTick.c                         0x00000000   Number         0  systick.o ABSOLUTE
    User\main.c                              0x00000000   Number         0  main.o ABSOLUTE
    User\stm32f10x_it.c                      0x00000000   Number         0  stm32f10x_it.o ABSOLUTE
    cdcmple.s                                0x00000000   Number         0  cdcmple.o ABSOLUTE
    cdrcmple.s                               0x00000000   Number         0  cdrcmple.o ABSOLUTE
    dc.s                                     0x00000000   Number         0  dc.o ABSOLUTE
    handlers.s                               0x00000000   Number         0  handlers.o ABSOLUTE
    init.s                                   0x00000000   Number         0  init.o ABSOLUTE
    RESET                                    0x08000000   Section      304  startup_stm32f10x_hd.o(RESET)
    .ARM.Collect$$$$00000000                 0x08000130   Section        0  entry.o(.ARM.Collect$$$$00000000)
    .ARM.Collect$$$$00000001                 0x08000130   Section        4  entry2.o(.ARM.Collect$$$$00000001)
    .ARM.Collect$$$$00000004                 0x08000134   Section        4  entry5.o(.ARM.Collect$$$$00000004)
    .ARM.Collect$$$$00000008                 0x08000138   Section        0  entry7b.o(.ARM.Collect$$$$00000008)
    .ARM.Collect$$$$0000000A                 0x08000138   Section        0  entry8b.o(.ARM.Collect$$$$0000000A)
    .ARM.Collect$$$$0000000B                 0x08000138   Section        8  entry9a.o(.ARM.Collect$$$$0000000B)
    .ARM.Collect$$$$0000000D                 0x08000140   Section        0  entry10a.o(.ARM.Collect$$$$0000000D)
    .ARM.Collect$$$$0000000F                 0x08000140   Section        0  entry11a.o(.ARM.Collect$$$$0000000F)
    .ARM.Collect$$$$00002712                 0x08000140   Section        4  entry2.o(.ARM.Collect$$$$00002712)
    __lit__00000000                          0x08000140   Data           4  entry2.o(.ARM.Collect$$$$00002712)
    .text                                    0x08000144   Section       36  startup_stm32f10x_hd.o(.text)
    .text                                    0x08000168   Section     1502  cr4_fft_256_stm32.o(.text)
    .text                                    0x08000746   Section        0  fadd.o(.text)
    .text                                    0x080007f6   Section        0  fmul.o(.text)
    .text                                    0x0800085a   Section        0  fdiv.o(.text)
    .text                                    0x080008d6   Section        0  dmul.o(.text)
    .text                                    0x080009ba   Section        0  ddiv.o(.text)
    .text                                    0x08000a98   Section        0  fflti.o(.text)
    .text                                    0x08000aaa   Section        0  ffltui.o(.text)
    .text                                    0x08000ab4   Section        0  dfltui.o(.text)
    .text                                    0x08000ace   Section        0  ffixi.o(.text)
    .text                                    0x08000b00   Section        0  ffixui.o(.text)
    .text                                    0x08000b28   Section        0  f2d.o(.text)
    .text                                    0x08000b4e   Section        0  d2f.o(.text)
    .text                                    0x08000b86   Section        0  uidiv.o(.text)
    .text                                    0x08000bb2   Section        0  uldiv.o(.text)
    .text                                    0x08000c14   Section        0  fepilogue.o(.text)
    .text                                    0x08000c14   Section        0  iusefp.o(.text)
    .text                                    0x08000c82   Section        0  depilogue.o(.text)
    .text                                    0x08000d3c   Section        0  dadd.o(.text)
    .text                                    0x08000e8a   Section        0  dsqrt.o(.text)
    .text                                    0x08000f2c   Section        0  dfixul.o(.text)
    .text                                    0x08000f5c   Section       48  cdrcmple.o(.text)
    .text                                    0x08000f8c   Section       36  init.o(.text)
    .text                                    0x08000fb0   Section        0  llshl.o(.text)
    .text                                    0x08000fce   Section        0  llushr.o(.text)
    .text                                    0x08000fee   Section        0  llsshr.o(.text)
    .text                                    0x08001012   Section        0  __dczerorl2.o(.text)
    i.ADC1_DMA1_Init                         0x08001068   Section        0  adc.o(i.ADC1_DMA1_Init)
    i.ADC1_Init                              0x080010f8   Section        0  adc.o(i.ADC1_Init)
    i.ADC_Cmd                                0x08001194   Section        0  stm32f10x_adc.o(i.ADC_Cmd)
    i.ADC_DMACmd                             0x080011aa   Section        0  stm32f10x_adc.o(i.ADC_DMACmd)
    i.ADC_ExternalTrigConvCmd                0x080011c0   Section        0  stm32f10x_adc.o(i.ADC_ExternalTrigConvCmd)
    i.ADC_GetCalibrationStatus               0x080011d6   Section        0  stm32f10x_adc.o(i.ADC_GetCalibrationStatus)
    i.ADC_GetResetCalibrationStatus          0x080011ea   Section        0  stm32f10x_adc.o(i.ADC_GetResetCalibrationStatus)
    i.ADC_Init                               0x08001200   Section        0  stm32f10x_adc.o(i.ADC_Init)
    i.ADC_RegularChannelConfig               0x08001250   Section        0  stm32f10x_adc.o(i.ADC_RegularChannelConfig)
    i.ADC_ResetCalibration                   0x08001308   Section        0  stm32f10x_adc.o(i.ADC_ResetCalibration)
    i.ADC_StartCalibration                   0x08001312   Section        0  stm32f10x_adc.o(i.ADC_StartCalibration)
    i.BusFault_Handler                       0x0800131c   Section        0  stm32f10x_it.o(i.BusFault_Handler)
    i.DMA1_Channel1_IRQHandler               0x08001320   Section        0  adc.o(i.DMA1_Channel1_IRQHandler)
    i.DMA_ClearITPendingBit                  0x08001398   Section        0  stm32f10x_dma.o(i.DMA_ClearITPendingBit)
    i.DMA_Cmd                                0x080013b4   Section        0  stm32f10x_dma.o(i.DMA_Cmd)
    i.DMA_DeInit                             0x080013cc   Section        0  stm32f10x_dma.o(i.DMA_DeInit)
    i.DMA_ITConfig                           0x08001518   Section        0  stm32f10x_dma.o(i.DMA_ITConfig)
    i.DMA_Init                               0x0800152a   Section        0  stm32f10x_dma.o(i.DMA_Init)
    i.DebugMon_Handler                       0x08001566   Section        0  stm32f10x_it.o(i.DebugMon_Handler)
    i.Draw_Hz_Select                         0x08001568   Section        0  ui.o(i.Draw_Hz_Select)
    i.Draw_Menu                              0x08001690   Section        0  ui.o(i.Draw_Menu)
    i.Draw_Normal                            0x0800175c   Section        0  ui.o(i.Draw_Normal)
    i.Draw_Oscilldev                         0x08001840   Section        0  ui.o(i.Draw_Oscilldev)
    i.Draw_Sin                               0x08001888   Section        0  ui.o(i.Draw_Sin)
    i.Draw_Width                             0x08001a48   Section        0  ui.o(i.Draw_Width)
    i.GPIO_Init                              0x08001afc   Section        0  stm32f10x_gpio.o(i.GPIO_Init)
    i.GPIO_PinRemapConfig                    0x08001c14   Section        0  stm32f10x_gpio.o(i.GPIO_PinRemapConfig)
    i.GPIO_SetBits                           0x08001ca4   Section        0  stm32f10x_gpio.o(i.GPIO_SetBits)
    i.GetPowerMag                            0x08001ca8   Section        0  fft_calculate.o(i.GetPowerMag)
    i.Gui_DrawFont_GBK16                     0x08001d84   Section        0  ui.o(i.Gui_DrawFont_GBK16)
    i.Gui_DrawFont_Num32                     0x08001f18   Section        0  ui.o(i.Gui_DrawFont_Num32)
    i.Gui_DrawPoint                          0x08001f98   Section        0  lcd.o(i.Gui_DrawPoint)
    i.HardFault_Handler                      0x08001fb8   Section        0  stm32f10x_it.o(i.HardFault_Handler)
    i.JTAG_Set                               0x08001fbc   Section        0  systick.o(i.JTAG_Set)
    i.KEY_Init                               0x08001fec   Section        0  key.o(i.KEY_Init)
    i.KEY_Scan                               0x08002074   Section        0  key.o(i.KEY_Scan)
    i.LCD_GPIO_Init                          0x080020f8   Section        0  lcd.o(i.LCD_GPIO_Init)
    i.LCD_WriteData_16Bit                    0x080021ac   Section        0  lcd.o(i.LCD_WriteData_16Bit)
    i.Lcd_Clear                              0x080021dc   Section        0  lcd.o(i.Lcd_Clear)
    i.Lcd_Init                               0x0800220e   Section        0  lcd.o(i.Lcd_Init)
    i.Lcd_Reset                              0x08002430   Section        0  lcd.o(i.Lcd_Reset)
    i.Lcd_SetRegion                          0x08002454   Section        0  lcd.o(i.Lcd_SetRegion)
    i.Lcd_WriteData                          0x080024ac   Section        0  lcd.o(i.Lcd_WriteData)
    i.Lcd_WriteIndex                         0x080024d4   Section        0  lcd.o(i.Lcd_WriteIndex)
    i.MemManage_Handler                      0x080024fc   Section        0  stm32f10x_it.o(i.MemManage_Handler)
    i.NMI_Handler                            0x08002500   Section        0  stm32f10x_it.o(i.NMI_Handler)
    i.NVIC_Init                              0x08002504   Section        0  misc.o(i.NVIC_Init)
    i.NVIC_PriorityGroupConfig               0x08002574   Section        0  misc.o(i.NVIC_PriorityGroupConfig)
    i.PendSV_Handler                         0x08002588   Section        0  stm32f10x_it.o(i.PendSV_Handler)
    i.RCC_AHBPeriphClockCmd                  0x0800258c   Section        0  stm32f10x_rcc.o(i.RCC_AHBPeriphClockCmd)
    i.RCC_APB1PeriphClockCmd                 0x080025ac   Section        0  stm32f10x_rcc.o(i.RCC_APB1PeriphClockCmd)
    i.RCC_APB2PeriphClockCmd                 0x080025cc   Section        0  stm32f10x_rcc.o(i.RCC_APB2PeriphClockCmd)
    i.SPI_WriteData                          0x080025ec   Section        0  lcd.o(i.SPI_WriteData)
    i.SVC_Handler                            0x08002628   Section        0  stm32f10x_it.o(i.SVC_Handler)
    i.SetSysClock                            0x0800262a   Section        0  system_stm32f10x.o(i.SetSysClock)
    SetSysClock                              0x0800262b   Thumb Code     8  system_stm32f10x.o(i.SetSysClock)
    i.SetSysClockTo72                        0x08002634   Section        0  system_stm32f10x.o(i.SetSysClockTo72)
    SetSysClockTo72                          0x08002635   Thumb Code   214  system_stm32f10x.o(i.SetSysClockTo72)
    i.SysTick_CLKSourceConfig                0x08002714   Section        0  misc.o(i.SysTick_CLKSourceConfig)
    i.SysTick_Handler                        0x0800273c   Section        0  stm32f10x_it.o(i.SysTick_Handler)
    i.SysTick_Init                           0x08002740   Section        0  systick.o(i.SysTick_Init)
    i.SystemInit                             0x0800277c   Section        0  system_stm32f10x.o(i.SystemInit)
    i.TI1_Config                             0x080027dc   Section        0  stm32f10x_tim.o(i.TI1_Config)
    TI1_Config                               0x080027dd   Thumb Code   108  stm32f10x_tim.o(i.TI1_Config)
    i.TI2_Config                             0x0800285c   Section        0  stm32f10x_tim.o(i.TI2_Config)
    TI2_Config                               0x0800285d   Thumb Code   130  stm32f10x_tim.o(i.TI2_Config)
    i.TI3_Config                             0x080028f4   Section        0  stm32f10x_tim.o(i.TI3_Config)
    TI3_Config                               0x080028f5   Thumb Code   122  stm32f10x_tim.o(i.TI3_Config)
    i.TI4_Config                             0x08002984   Section        0  stm32f10x_tim.o(i.TI4_Config)
    TI4_Config                               0x08002985   Thumb Code   130  stm32f10x_tim.o(i.TI4_Config)
    i.TIM1_Init                              0x08002a1c   Section        0  adc.o(i.TIM1_Init)
    i.TIM2_Cap_Init                          0x08002ab0   Section        0  time.o(i.TIM2_Cap_Init)
    i.TIM2_IRQHandler                        0x08002b58   Section        0  time.o(i.TIM2_IRQHandler)
    i.TIM_ClearITPendingBit                  0x08002bfc   Section        0  stm32f10x_tim.o(i.TIM_ClearITPendingBit)
    i.TIM_Cmd                                0x08002c02   Section        0  stm32f10x_tim.o(i.TIM_Cmd)
    i.TIM_CtrlPWMOutputs                     0x08002c1a   Section        0  stm32f10x_tim.o(i.TIM_CtrlPWMOutputs)
    i.TIM_GetITStatus                        0x08002c38   Section        0  stm32f10x_tim.o(i.TIM_GetITStatus)
    i.TIM_ICInit                             0x08002c5c   Section        0  stm32f10x_tim.o(i.TIM_ICInit)
    i.TIM_ITConfig                           0x08002d08   Section        0  stm32f10x_tim.o(i.TIM_ITConfig)
    i.TIM_OC1Init                            0x08002d1c   Section        0  stm32f10x_tim.o(i.TIM_OC1Init)
    i.TIM_OC3PolarityConfig                  0x08002db4   Section        0  stm32f10x_tim.o(i.TIM_OC3PolarityConfig)
    i.TIM_SetCompare1                        0x08002dce   Section        0  stm32f10x_tim.o(i.TIM_SetCompare1)
    i.TIM_SetCounter                         0x08002dd2   Section        0  stm32f10x_tim.o(i.TIM_SetCounter)
    i.TIM_SetIC1Prescaler                    0x08002dd6   Section        0  stm32f10x_tim.o(i.TIM_SetIC1Prescaler)
    i.TIM_SetIC2Prescaler                    0x08002de8   Section        0  stm32f10x_tim.o(i.TIM_SetIC2Prescaler)
    i.TIM_SetIC3Prescaler                    0x08002e02   Section        0  stm32f10x_tim.o(i.TIM_SetIC3Prescaler)
    i.TIM_SetIC4Prescaler                    0x08002e14   Section        0  stm32f10x_tim.o(i.TIM_SetIC4Prescaler)
    i.TIM_TimeBaseInit                       0x08002e30   Section        0  stm32f10x_tim.o(i.TIM_TimeBaseInit)
    i.TIM_TimeBaseStructInit                 0x08002ed4   Section        0  stm32f10x_tim.o(i.TIM_TimeBaseStructInit)
    i.UsageFault_Handler                     0x08002ee6   Section        0  stm32f10x_it.o(i.UsageFault_Handler)
    i.__0sprintf                             0x08002eec   Section        0  printfa.o(i.__0sprintf)
    i.__scatterload_copy                     0x08002f14   Section       14  handlers.o(i.__scatterload_copy)
    i.__scatterload_null                     0x08002f22   Section        2  handlers.o(i.__scatterload_null)
    i.__scatterload_zeroinit                 0x08002f24   Section       14  handlers.o(i.__scatterload_zeroinit)
    i.__set_errno                            0x08002f34   Section        0  errno.o(i.__set_errno)
    i._fp_digits                             0x08002f40   Section        0  printfa.o(i._fp_digits)
    _fp_digits                               0x08002f41   Thumb Code   366  printfa.o(i._fp_digits)
    i._printf_core                           0x080030c4   Section        0  printfa.o(i._printf_core)
    _printf_core                             0x080030c5   Thumb Code  1744  printfa.o(i._printf_core)
    i._printf_post_padding                   0x080037a0   Section        0  printfa.o(i._printf_post_padding)
    _printf_post_padding                     0x080037a1   Thumb Code    36  printfa.o(i._printf_post_padding)
    i._printf_pre_padding                    0x080037c4   Section        0  printfa.o(i._printf_pre_padding)
    _printf_pre_padding                      0x080037c5   Thumb Code    46  printfa.o(i._printf_pre_padding)
    i._sputc                                 0x080037f2   Section        0  printfa.o(i._sputc)
    _sputc                                   0x080037f3   Thumb Code    10  printfa.o(i._sputc)
    i.clear_Line                             0x080037fc   Section        0  lcd.o(i.clear_Line)
    i.dataFilter                             0x08003848   Section        0  adc.o(i.dataFilter)
    i.delay_ms                               0x08003904   Section        0  systick.o(i.delay_ms)
    i.delay_us                               0x08003950   Section        0  systick.o(i.delay_us)
    i.frep_Filter                            0x0800399c   Section        0  time.o(i.frep_Filter)
    i.main                                   0x08003c3c   Section        0  main.o(i.main)
    i.move_Select                            0x08003d6c   Section        0  ui.o(i.move_Select)
    i.my_abs                                 0x08003ebc   Section        0  ui.o(i.my_abs)
    i.sqrt                                   0x08003ece   Section        0  sqrt.o(i.sqrt)
    i.vcc_Filter                             0x08003f1c   Section        0  adc.o(i.vcc_Filter)
    .constdata                               0x08003ff8   Section     6616  ui.o(.constdata)
    .data                                    0x20000000   Section        5  main.o(.data)
    .data                                    0x20000008   Section      180  adc.o(.data)
    .data                                    0x200000bc   Section       28  time.o(.data)
    .data                                    0x200000d8   Section      416  ui.o(.data)
    .data                                    0x20000278   Section        1  key.o(.data)
    key_up                                   0x20000278   Data           1  key.o(.data)
    .data                                    0x2000027a   Section        4  systick.o(.data)
    fac_us                                   0x2000027a   Data           1  systick.o(.data)
    fac_ms                                   0x2000027c   Data           2  systick.o(.data)
    .data                                    0x20000280   Section        4  errno.o(.data)
    _errno                                   0x20000280   Data           4  errno.o(.data)
    .bss                                     0x20000284   Section     1084  adc.o(.bss)
    .bss                                     0x200006c0   Section       40  time.o(.bss)
    .bss                                     0x200006e8   Section      268  ui.o(.bss)
    .bss                                     0x200007f4   Section     3072  fft_calculate.o(.bss)
    STACK                                    0x200013f8   Section     1024  startup_stm32f10x_hd.o(STACK)

    Global Symbols

    Symbol Name                              Value     Ov Type        Size  Object(Section)

    BuildAttributes$$THM_ISAv4$P$D$K$B$S$PE$A:L22UL41UL21$X:L11$S22US41US21$IEEE1$IW$USESV6$~STKCKD$USESV7$~SHL$OTIME$ROPI$IEEEJ$EBA8$MICROLIB$REQ8$PRES8$EABIv2 0x00000000   Number         0  anon$$obj.o ABSOLUTE
    __ARM_use_no_argv                        0x00000000   Number         0  main.o ABSOLUTE
    _printf_a                                0x00000000   Number         0  stubs.o ABSOLUTE
    _printf_c                                0x00000000   Number         0  stubs.o ABSOLUTE
    _printf_charcount                        0x00000000   Number         0  stubs.o ABSOLUTE
    _printf_d                                0x00000000   Number         0  stubs.o ABSOLUTE
    _printf_e                                0x00000000   Number         0  stubs.o ABSOLUTE
    _printf_f                                0x00000000   Number         0  stubs.o ABSOLUTE
    _printf_flags                            0x00000000   Number         0  stubs.o ABSOLUTE
    _printf_fp_dec                           0x00000000   Number         0  stubs.o ABSOLUTE
    _printf_fp_hex                           0x00000000   Number         0  stubs.o ABSOLUTE
    _printf_g                                0x00000000   Number         0  stubs.o ABSOLUTE
    _printf_i                                0x00000000   Number         0  stubs.o ABSOLUTE
    _printf_int_dec                          0x00000000   Number         0  stubs.o ABSOLUTE
    _printf_l                                0x00000000   Number         0  stubs.o ABSOLUTE
    _printf_lc                               0x00000000   Number         0  stubs.o ABSOLUTE
    _printf_ll                               0x00000000   Number         0  stubs.o ABSOLUTE
    _printf_lld                              0x00000000   Number         0  stubs.o ABSOLUTE
    _printf_lli                              0x00000000   Number         0  stubs.o ABSOLUTE
    _printf_llo                              0x00000000   Number         0  stubs.o ABSOLUTE
    _printf_llu                              0x00000000   Number         0  stubs.o ABSOLUTE
    _printf_llx                              0x00000000   Number         0  stubs.o ABSOLUTE
    _printf_longlong_dec                     0x00000000   Number         0  stubs.o ABSOLUTE
    _printf_longlong_hex                     0x00000000   Number         0  stubs.o ABSOLUTE
    _printf_longlong_oct                     0x00000000   Number         0  stubs.o ABSOLUTE
    _printf_ls                               0x00000000   Number         0  stubs.o ABSOLUTE
    _printf_mbtowc                           0x00000000   Number         0  stubs.o ABSOLUTE
    _printf_n                                0x00000000   Number         0  stubs.o ABSOLUTE
    _printf_o                                0x00000000   Number         0  stubs.o ABSOLUTE
    _printf_p                                0x00000000   Number         0  stubs.o ABSOLUTE
    _printf_percent                          0x00000000   Number         0  stubs.o ABSOLUTE
    _printf_pre_padding                      0x00000000   Number         0  stubs.o ABSOLUTE
    _printf_return_value                     0x00000000   Number         0  stubs.o ABSOLUTE
    _printf_s                                0x00000000   Number         0  stubs.o ABSOLUTE
    _printf_sizespec                         0x00000000   Number         0  stubs.o ABSOLUTE
    _printf_str                              0x00000000   Number         0  stubs.o ABSOLUTE
    _printf_truncate_signed                  0x00000000   Number         0  stubs.o ABSOLUTE
    _printf_truncate_unsigned                0x00000000   Number         0  stubs.o ABSOLUTE
    _printf_u                                0x00000000   Number         0  stubs.o ABSOLUTE
    _printf_wc                               0x00000000   Number         0  stubs.o ABSOLUTE
    _printf_wctomb                           0x00000000   Number         0  stubs.o ABSOLUTE
    _printf_widthprec                        0x00000000   Number         0  stubs.o ABSOLUTE
    _printf_x                                0x00000000   Number         0  stubs.o ABSOLUTE
    __cpp_initialize__aeabi_                  - Undefined Weak Reference
    __cxa_finalize                            - Undefined Weak Reference
    _clock_init                               - Undefined Weak Reference
    _microlib_exit                            - Undefined Weak Reference
    __Vectors_Size                           0x00000130   Number         0  startup_stm32f10x_hd.o ABSOLUTE
    __Vectors                                0x08000000   Data           4  startup_stm32f10x_hd.o(RESET)
    __Vectors_End                            0x08000130   Data           0  startup_stm32f10x_hd.o(RESET)
    __main                                   0x08000131   Thumb Code     0  entry.o(.ARM.Collect$$$$00000000)
    _main_stk                                0x08000131   Thumb Code     0  entry2.o(.ARM.Collect$$$$00000001)
    _main_scatterload                        0x08000135   Thumb Code     0  entry5.o(.ARM.Collect$$$$00000004)
    __main_after_scatterload                 0x08000139   Thumb Code     0  entry5.o(.ARM.Collect$$$$00000004)
    _main_clock                              0x08000139   Thumb Code     0  entry7b.o(.ARM.Collect$$$$00000008)
    _main_cpp_init                           0x08000139   Thumb Code     0  entry8b.o(.ARM.Collect$$$$0000000A)
    _main_init                               0x08000139   Thumb Code     0  entry9a.o(.ARM.Collect$$$$0000000B)
    __rt_final_cpp                           0x08000141   Thumb Code     0  entry10a.o(.ARM.Collect$$$$0000000D)
    __rt_final_exit                          0x08000141   Thumb Code     0  entry11a.o(.ARM.Collect$$$$0000000F)
    Reset_Handler                            0x08000145   Thumb Code     8  startup_stm32f10x_hd.o(.text)
    ADC1_2_IRQHandler                        0x0800015f   Thumb Code     0  startup_stm32f10x_hd.o(.text)
    ADC3_IRQHandler                          0x0800015f   Thumb Code     0  startup_stm32f10x_hd.o(.text)
    CAN1_RX1_IRQHandler                      0x0800015f   Thumb Code     0  startup_stm32f10x_hd.o(.text)
    CAN1_SCE_IRQHandler                      0x0800015f   Thumb Code     0  startup_stm32f10x_hd.o(.text)
    DMA1_Channel2_IRQHandler                 0x0800015f   Thumb Code     0  startup_stm32f10x_hd.o(.text)
    DMA1_Channel3_IRQHandler                 0x0800015f   Thumb Code     0  startup_stm32f10x_hd.o(.text)
    DMA1_Channel4_IRQHandler                 0x0800015f   Thumb Code     0  startup_stm32f10x_hd.o(.text)
    DMA1_Channel5_IRQHandler                 0x0800015f   Thumb Code     0  startup_stm32f10x_hd.o(.text)
    DMA1_Channel6_IRQHandler                 0x0800015f   Thumb Code     0  startup_stm32f10x_hd.o(.text)
    DMA1_Channel7_IRQHandler                 0x0800015f   Thumb Code     0  startup_stm32f10x_hd.o(.text)
    DMA2_Channel1_IRQHandler                 0x0800015f   Thumb Code     0  startup_stm32f10x_hd.o(.text)
    DMA2_Channel2_IRQHandler                 0x0800015f   Thumb Code     0  startup_stm32f10x_hd.o(.text)
    DMA2_Channel3_IRQHandler                 0x0800015f   Thumb Code     0  startup_stm32f10x_hd.o(.text)
    DMA2_Channel4_5_IRQHandler               0x0800015f   Thumb Code     0  startup_stm32f10x_hd.o(.text)
    EXTI0_IRQHandler                         0x0800015f   Thumb Code     0  startup_stm32f10x_hd.o(.text)
    EXTI15_10_IRQHandler                     0x0800015f   Thumb Code     0  startup_stm32f10x_hd.o(.text)
    EXTI1_IRQHandler                         0x0800015f   Thumb Code     0  startup_stm32f10x_hd.o(.text)
    EXTI2_IRQHandler                         0x0800015f   Thumb Code     0  startup_stm32f10x_hd.o(.text)
    EXTI3_IRQHandler                         0x0800015f   Thumb Code     0  startup_stm32f10x_hd.o(.text)
    EXTI4_IRQHandler                         0x0800015f   Thumb Code     0  startup_stm32f10x_hd.o(.text)
    EXTI9_5_IRQHandler                       0x0800015f   Thumb Code     0  startup_stm32f10x_hd.o(.text)
    FLASH_IRQHandler                         0x0800015f   Thumb Code     0  startup_stm32f10x_hd.o(.text)
    FSMC_IRQHandler                          0x0800015f   Thumb Code     0  startup_stm32f10x_hd.o(.text)
    I2C1_ER_IRQHandler                       0x0800015f   Thumb Code     0  startup_stm32f10x_hd.o(.text)
    I2C1_EV_IRQHandler                       0x0800015f   Thumb Code     0  startup_stm32f10x_hd.o(.text)
    I2C2_ER_IRQHandler                       0x0800015f   Thumb Code     0  startup_stm32f10x_hd.o(.text)
    I2C2_EV_IRQHandler                       0x0800015f   Thumb Code     0  startup_stm32f10x_hd.o(.text)
    PVD_IRQHandler                           0x0800015f   Thumb Code     0  startup_stm32f10x_hd.o(.text)
    RCC_IRQHandler                           0x0800015f   Thumb Code     0  startup_stm32f10x_hd.o(.text)
    RTCAlarm_IRQHandler                      0x0800015f   Thumb Code     0  startup_stm32f10x_hd.o(.text)
    RTC_IRQHandler                           0x0800015f   Thumb Code     0  startup_stm32f10x_hd.o(.text)
    SDIO_IRQHandler                          0x0800015f   Thumb Code     0  startup_stm32f10x_hd.o(.text)
    SPI1_IRQHandler                          0x0800015f   Thumb Code     0  startup_stm32f10x_hd.o(.text)
    SPI2_IRQHandler                          0x0800015f   Thumb Code     0  startup_stm32f10x_hd.o(.text)
    SPI3_IRQHandler                          0x0800015f   Thumb Code     0  startup_stm32f10x_hd.o(.text)
    TAMPER_IRQHandler                        0x0800015f   Thumb Code     0  startup_stm32f10x_hd.o(.text)
    TIM1_BRK_IRQHandler                      0x0800015f   Thumb Code     0  startup_stm32f10x_hd.o(.text)
    TIM1_CC_IRQHandler                       0x0800015f   Thumb Code     0  startup_stm32f10x_hd.o(.text)
    TIM1_TRG_COM_IRQHandler                  0x0800015f   Thumb Code     0  startup_stm32f10x_hd.o(.text)
    TIM1_UP_IRQHandler                       0x0800015f   Thumb Code     0  startup_stm32f10x_hd.o(.text)
    TIM3_IRQHandler                          0x0800015f   Thumb Code     0  startup_stm32f10x_hd.o(.text)
    TIM4_IRQHandler                          0x0800015f   Thumb Code     0  startup_stm32f10x_hd.o(.text)
    TIM5_IRQHandler                          0x0800015f   Thumb Code     0  startup_stm32f10x_hd.o(.text)
    TIM6_IRQHandler                          0x0800015f   Thumb Code     0  startup_stm32f10x_hd.o(.text)
    TIM7_IRQHandler                          0x0800015f   Thumb Code     0  startup_stm32f10x_hd.o(.text)
    TIM8_BRK_IRQHandler                      0x0800015f   Thumb Code     0  startup_stm32f10x_hd.o(.text)
    TIM8_CC_IRQHandler                       0x0800015f   Thumb Code     0  startup_stm32f10x_hd.o(.text)
    TIM8_TRG_COM_IRQHandler                  0x0800015f   Thumb Code     0  startup_stm32f10x_hd.o(.text)
    TIM8_UP_IRQHandler                       0x0800015f   Thumb Code     0  startup_stm32f10x_hd.o(.text)
    UART4_IRQHandler                         0x0800015f   Thumb Code     0  startup_stm32f10x_hd.o(.text)
    UART5_IRQHandler                         0x0800015f   Thumb Code     0  startup_stm32f10x_hd.o(.text)
    USART1_IRQHandler                        0x0800015f   Thumb Code     0  startup_stm32f10x_hd.o(.text)
    USART2_IRQHandler                        0x0800015f   Thumb Code     0  startup_stm32f10x_hd.o(.text)
    USART3_IRQHandler                        0x0800015f   Thumb Code     0  startup_stm32f10x_hd.o(.text)
    USBWakeUp_IRQHandler                     0x0800015f   Thumb Code     0  startup_stm32f10x_hd.o(.text)
    USB_HP_CAN1_TX_IRQHandler                0x0800015f   Thumb Code     0  startup_stm32f10x_hd.o(.text)
    USB_LP_CAN1_RX0_IRQHandler               0x0800015f   Thumb Code     0  startup_stm32f10x_hd.o(.text)
    WWDG_IRQHandler                          0x0800015f   Thumb Code     0  startup_stm32f10x_hd.o(.text)
    cr4_fft_256_stm32                        0x08000169   Thumb Code     0  cr4_fft_256_stm32.o(.text)
    __aeabi_fadd                             0x08000747   Thumb Code   164  fadd.o(.text)
    __aeabi_fsub                             0x080007eb   Thumb Code     6  fadd.o(.text)
    __aeabi_frsub                            0x080007f1   Thumb Code     6  fadd.o(.text)
    __aeabi_fmul                             0x080007f7   Thumb Code   100  fmul.o(.text)
    __aeabi_fdiv                             0x0800085b   Thumb Code   124  fdiv.o(.text)
    __aeabi_dmul                             0x080008d7   Thumb Code   228  dmul.o(.text)
    __aeabi_ddiv                             0x080009bb   Thumb Code   222  ddiv.o(.text)
    __aeabi_i2f                              0x08000a99   Thumb Code    18  fflti.o(.text)
    __aeabi_ui2f                             0x08000aab   Thumb Code    10  ffltui.o(.text)
    __aeabi_ui2d                             0x08000ab5   Thumb Code    26  dfltui.o(.text)
    __aeabi_f2iz                             0x08000acf   Thumb Code    50  ffixi.o(.text)
    __aeabi_f2uiz                            0x08000b01   Thumb Code    40  ffixui.o(.text)
    __aeabi_f2d                              0x08000b29   Thumb Code    38  f2d.o(.text)
    __aeabi_d2f                              0x08000b4f   Thumb Code    56  d2f.o(.text)
    __aeabi_uidiv                            0x08000b87   Thumb Code     0  uidiv.o(.text)
    __aeabi_uidivmod                         0x08000b87   Thumb Code    44  uidiv.o(.text)
    __aeabi_uldivmod                         0x08000bb3   Thumb Code    98  uldiv.o(.text)
    __I$use$fp                               0x08000c15   Thumb Code     0  iusefp.o(.text)
    _float_round                             0x08000c15   Thumb Code    18  fepilogue.o(.text)
    _float_epilogue                          0x08000c27   Thumb Code    92  fepilogue.o(.text)
    _double_round                            0x08000c83   Thumb Code    30  depilogue.o(.text)
    _double_epilogue                         0x08000ca1   Thumb Code   156  depilogue.o(.text)
    __aeabi_dadd                             0x08000d3d   Thumb Code   322  dadd.o(.text)
    __aeabi_dsub                             0x08000e7f   Thumb Code     6  dadd.o(.text)
    __aeabi_drsub                            0x08000e85   Thumb Code     6  dadd.o(.text)
    _dsqrt                                   0x08000e8b   Thumb Code   162  dsqrt.o(.text)
    __aeabi_d2ulz                            0x08000f2d   Thumb Code    48  dfixul.o(.text)
    __aeabi_cdrcmple                         0x08000f5d   Thumb Code    48  cdrcmple.o(.text)
    __scatterload                            0x08000f8d   Thumb Code    28  init.o(.text)
    __scatterload_rt2                        0x08000f8d   Thumb Code     0  init.o(.text)
    __aeabi_llsl                             0x08000fb1   Thumb Code    30  llshl.o(.text)
    _ll_shift_l                              0x08000fb1   Thumb Code     0  llshl.o(.text)
    __aeabi_llsr                             0x08000fcf   Thumb Code    32  llushr.o(.text)
    _ll_ushift_r                             0x08000fcf   Thumb Code     0  llushr.o(.text)
    __aeabi_lasr                             0x08000fef   Thumb Code    36  llsshr.o(.text)
    _ll_sshift_r                             0x08000fef   Thumb Code     0  llsshr.o(.text)
    __decompress                             0x08001013   Thumb Code     0  __dczerorl2.o(.text)
    __decompress1                            0x08001013   Thumb Code    86  __dczerorl2.o(.text)
    ADC1_DMA1_Init                           0x08001069   Thumb Code   130  adc.o(i.ADC1_DMA1_Init)
    ADC1_Init                                0x080010f9   Thumb Code   146  adc.o(i.ADC1_Init)
    ADC_Cmd                                  0x08001195   Thumb Code    22  stm32f10x_adc.o(i.ADC_Cmd)
    ADC_DMACmd                               0x080011ab   Thumb Code    22  stm32f10x_adc.o(i.ADC_DMACmd)
    ADC_ExternalTrigConvCmd                  0x080011c1   Thumb Code    22  stm32f10x_adc.o(i.ADC_ExternalTrigConvCmd)
    ADC_GetCalibrationStatus                 0x080011d7   Thumb Code    20  stm32f10x_adc.o(i.ADC_GetCalibrationStatus)
    ADC_GetResetCalibrationStatus            0x080011eb   Thumb Code    20  stm32f10x_adc.o(i.ADC_GetResetCalibrationStatus)
    ADC_Init                                 0x08001201   Thumb Code    70  stm32f10x_adc.o(i.ADC_Init)
    ADC_RegularChannelConfig                 0x08001251   Thumb Code   184  stm32f10x_adc.o(i.ADC_RegularChannelConfig)
    ADC_ResetCalibration                     0x08001309   Thumb Code    10  stm32f10x_adc.o(i.ADC_ResetCalibration)
    ADC_StartCalibration                     0x08001313   Thumb Code    10  stm32f10x_adc.o(i.ADC_StartCalibration)
    BusFault_Handler                         0x0800131d   Thumb Code     4  stm32f10x_it.o(i.BusFault_Handler)
    DMA1_Channel1_IRQHandler                 0x08001321   Thumb Code    96  adc.o(i.DMA1_Channel1_IRQHandler)
    DMA_ClearITPendingBit                    0x08001399   Thumb Code    18  stm32f10x_dma.o(i.DMA_ClearITPendingBit)
    DMA_Cmd                                  0x080013b5   Thumb Code    24  stm32f10x_dma.o(i.DMA_Cmd)
    DMA_DeInit                               0x080013cd   Thumb Code   324  stm32f10x_dma.o(i.DMA_DeInit)
    DMA_ITConfig                             0x08001519   Thumb Code    18  stm32f10x_dma.o(i.DMA_ITConfig)
    DMA_Init                                 0x0800152b   Thumb Code    60  stm32f10x_dma.o(i.DMA_Init)
    DebugMon_Handler                         0x08001567   Thumb Code     2  stm32f10x_it.o(i.DebugMon_Handler)
    Draw_Hz_Select                           0x08001569   Thumb Code   204  ui.o(i.Draw_Hz_Select)
    Draw_Menu                                0x08001691   Thumb Code   176  ui.o(i.Draw_Menu)
    Draw_Normal                              0x0800175d   Thumb Code   178  ui.o(i.Draw_Normal)
    Draw_Oscilldev                           0x08001841   Thumb Code    52  ui.o(i.Draw_Oscilldev)
    Draw_Sin                                 0x08001889   Thumb Code   420  ui.o(i.Draw_Sin)
    Draw_Width                               0x08001a49   Thumb Code   134  ui.o(i.Draw_Width)
    GPIO_Init                                0x08001afd   Thumb Code   278  stm32f10x_gpio.o(i.GPIO_Init)
    GPIO_PinRemapConfig                      0x08001c15   Thumb Code   138  stm32f10x_gpio.o(i.GPIO_PinRemapConfig)
    GPIO_SetBits                             0x08001ca5   Thumb Code     4  stm32f10x_gpio.o(i.GPIO_SetBits)
    GetPowerMag                              0x08001ca9   Thumb Code   208  fft_calculate.o(i.GetPowerMag)
    Gui_DrawFont_GBK16                       0x08001d85   Thumb Code   394  ui.o(i.Gui_DrawFont_GBK16)
    Gui_DrawFont_Num32                       0x08001f19   Thumb Code   124  ui.o(i.Gui_DrawFont_Num32)
    Gui_DrawPoint                            0x08001f99   Thumb Code    32  lcd.o(i.Gui_DrawPoint)
    HardFault_Handler                        0x08001fb9   Thumb Code     4  stm32f10x_it.o(i.HardFault_Handler)
    JTAG_Set                                 0x08001fbd   Thumb Code    38  systick.o(i.JTAG_Set)
    KEY_Init                                 0x08001fed   Thumb Code   124  key.o(i.KEY_Init)
    KEY_Scan                                 0x08002075   Thumb Code   120  key.o(i.KEY_Scan)
    LCD_GPIO_Init                            0x080020f9   Thumb Code   160  lcd.o(i.LCD_GPIO_Init)
    LCD_WriteData_16Bit                      0x080021ad   Thumb Code    42  lcd.o(i.LCD_WriteData_16Bit)
    Lcd_Clear                                0x080021dd   Thumb Code    50  lcd.o(i.Lcd_Clear)
    Lcd_Init                                 0x0800220f   Thumb Code   546  lcd.o(i.Lcd_Init)
    Lcd_Reset                                0x08002431   Thumb Code    32  lcd.o(i.Lcd_Reset)
    Lcd_SetRegion                            0x08002455   Thumb Code    86  lcd.o(i.Lcd_SetRegion)
    Lcd_WriteData                            0x080024ad   Thumb Code    36  lcd.o(i.Lcd_WriteData)
    Lcd_WriteIndex                           0x080024d5   Thumb Code    34  lcd.o(i.Lcd_WriteIndex)
    MemManage_Handler                        0x080024fd   Thumb Code     4  stm32f10x_it.o(i.MemManage_Handler)
    NMI_Handler                              0x08002501   Thumb Code     2  stm32f10x_it.o(i.NMI_Handler)
    NVIC_Init                                0x08002505   Thumb Code   100  misc.o(i.NVIC_Init)
    NVIC_PriorityGroupConfig                 0x08002575   Thumb Code    10  misc.o(i.NVIC_PriorityGroupConfig)
    PendSV_Handler                           0x08002589   Thumb Code     2  stm32f10x_it.o(i.PendSV_Handler)
    RCC_AHBPeriphClockCmd                    0x0800258d   Thumb Code    26  stm32f10x_rcc.o(i.RCC_AHBPeriphClockCmd)
    RCC_APB1PeriphClockCmd                   0x080025ad   Thumb Code    26  stm32f10x_rcc.o(i.RCC_APB1PeriphClockCmd)
    RCC_APB2PeriphClockCmd                   0x080025cd   Thumb Code    26  stm32f10x_rcc.o(i.RCC_APB2PeriphClockCmd)
    SPI_WriteData                            0x080025ed   Thumb Code    54  lcd.o(i.SPI_WriteData)
    SVC_Handler                              0x08002629   Thumb Code     2  stm32f10x_it.o(i.SVC_Handler)
    SysTick_CLKSourceConfig                  0x08002715   Thumb Code    40  misc.o(i.SysTick_CLKSourceConfig)
    SysTick_Handler                          0x0800273d   Thumb Code     2  stm32f10x_it.o(i.SysTick_Handler)
    SysTick_Init                             0x08002741   Thumb Code    52  systick.o(i.SysTick_Init)
    SystemInit                               0x0800277d   Thumb Code    78  system_stm32f10x.o(i.SystemInit)
    TIM1_Init                                0x08002a1d   Thumb Code   140  adc.o(i.TIM1_Init)
    TIM2_Cap_Init                            0x08002ab1   Thumb Code   164  time.o(i.TIM2_Cap_Init)
    TIM2_IRQHandler                          0x08002b59   Thumb Code   144  time.o(i.TIM2_IRQHandler)
    TIM_ClearITPendingBit                    0x08002bfd   Thumb Code     6  stm32f10x_tim.o(i.TIM_ClearITPendingBit)
    TIM_Cmd                                  0x08002c03   Thumb Code    24  stm32f10x_tim.o(i.TIM_Cmd)
    TIM_CtrlPWMOutputs                       0x08002c1b   Thumb Code    30  stm32f10x_tim.o(i.TIM_CtrlPWMOutputs)
    TIM_GetITStatus                          0x08002c39   Thumb Code    34  stm32f10x_tim.o(i.TIM_GetITStatus)
    TIM_ICInit                               0x08002c5d   Thumb Code   150  stm32f10x_tim.o(i.TIM_ICInit)
    TIM_ITConfig                             0x08002d09   Thumb Code    18  stm32f10x_tim.o(i.TIM_ITConfig)
    TIM_OC1Init                              0x08002d1d   Thumb Code   132  stm32f10x_tim.o(i.TIM_OC1Init)
    TIM_OC3PolarityConfig                    0x08002db5   Thumb Code    26  stm32f10x_tim.o(i.TIM_OC3PolarityConfig)
    TIM_SetCompare1                          0x08002dcf   Thumb Code     4  stm32f10x_tim.o(i.TIM_SetCompare1)
    TIM_SetCounter                           0x08002dd3   Thumb Code     4  stm32f10x_tim.o(i.TIM_SetCounter)
    TIM_SetIC1Prescaler                      0x08002dd7   Thumb Code    18  stm32f10x_tim.o(i.TIM_SetIC1Prescaler)
    TIM_SetIC2Prescaler                      0x08002de9   Thumb Code    26  stm32f10x_tim.o(i.TIM_SetIC2Prescaler)
    TIM_SetIC3Prescaler                      0x08002e03   Thumb Code    18  stm32f10x_tim.o(i.TIM_SetIC3Prescaler)
    TIM_SetIC4Prescaler                      0x08002e15   Thumb Code    26  stm32f10x_tim.o(i.TIM_SetIC4Prescaler)
    TIM_TimeBaseInit                         0x08002e31   Thumb Code   122  stm32f10x_tim.o(i.TIM_TimeBaseInit)
    TIM_TimeBaseStructInit                   0x08002ed5   Thumb Code    18  stm32f10x_tim.o(i.TIM_TimeBaseStructInit)
    UsageFault_Handler                       0x08002ee7   Thumb Code     4  stm32f10x_it.o(i.UsageFault_Handler)
    __0sprintf                               0x08002eed   Thumb Code    34  printfa.o(i.__0sprintf)
    __1sprintf                               0x08002eed   Thumb Code     0  printfa.o(i.__0sprintf)
    __2sprintf                               0x08002eed   Thumb Code     0  printfa.o(i.__0sprintf)
    __c89sprintf                             0x08002eed   Thumb Code     0  printfa.o(i.__0sprintf)
    sprintf                                  0x08002eed   Thumb Code     0  printfa.o(i.__0sprintf)
    __scatterload_copy                       0x08002f15   Thumb Code    14  handlers.o(i.__scatterload_copy)
    __scatterload_null                       0x08002f23   Thumb Code     2  handlers.o(i.__scatterload_null)
    __scatterload_zeroinit                   0x08002f25   Thumb Code    14  handlers.o(i.__scatterload_zeroinit)
    __set_errno                              0x08002f35   Thumb Code     6  errno.o(i.__set_errno)
    clear_Line                               0x080037fd   Thumb Code    74  lcd.o(i.clear_Line)
    dataFilter                               0x08003849   Thumb Code   164  adc.o(i.dataFilter)
    delay_ms                                 0x08003905   Thumb Code    72  systick.o(i.delay_ms)
    delay_us                                 0x08003951   Thumb Code    72  systick.o(i.delay_us)
    frep_Filter                              0x0800399d   Thumb Code   618  time.o(i.frep_Filter)
    main                                     0x08003c3d   Thumb Code   272  main.o(i.main)
    move_Select                              0x08003d6d   Thumb Code   302  ui.o(i.move_Select)
    my_abs                                   0x08003ebd   Thumb Code    18  ui.o(i.my_abs)
    sqrt                                     0x08003ecf   Thumb Code    76  sqrt.o(i.sqrt)
    vcc_Filter                               0x08003f1d   Thumb Code   198  adc.o(i.vcc_Filter)
    asc16                                    0x08003ff8   Data        1521  ui.o(.constdata)
    sz32                                     0x080045e9   Data        1921  ui.o(.constdata)
    hz16                                     0x08004d6a   Data        1768  ui.o(.constdata)
    hz24                                     0x08005452   Data        1406  ui.o(.constdata)
    Region$$Table$$Base                      0x080059d0   Number         0  anon$$obj.o(Region$$Table)
    Region$$Table$$Limit                     0x080059f0   Number         0  anon$$obj.o(Region$$Table)
    menu                                     0x20000000   Data           1  main.o(.data)
    bi                                       0x20000001   Data           1  main.o(.data)
    bj                                       0x20000002   Data           1  main.o(.data)
    ready_Flag                               0x20000003   Data           1  main.o(.data)
    zx                                       0x20000004   Data           1  main.o(.data)
    filter                                   0x20000008   Data         160  adc.o(.data)
    filter_Ready                             0x200000a8   Data           4  adc.o(.data)
    Freq                                     0x200000ac   Data           4  adc.o(.data)
    Max_Val                                  0x200000b0   Data           2  adc.o(.data)
    Row                                      0x200000b2   Data           2  adc.o(.data)
    del                                      0x200000b4   Data           1  adc.o(.data)
    del1                                     0x200000b5   Data           1  adc.o(.data)
    del2                                     0x200000b6   Data           1  adc.o(.data)
    vccd                                     0x200000b8   Data           4  adc.o(.data)
    Edge_Flag                                0x200000bc   Data           1  time.o(.data)
    Rising                                   0x200000be   Data           2  time.o(.data)
    Falling                                  0x200000c0   Data           2  time.o(.data)
    Rising_Last                              0x200000c2   Data           2  time.o(.data)
    cnt                                      0x200000c4   Data           2  time.o(.data)
    f                                        0x200000c6   Data           2  time.o(.data)
    l                                        0x200000c8   Data           2  time.o(.data)
    width                                    0x200000cc   Data           4  time.o(.data)
    duty                                     0x200000d0   Data           4  time.o(.data)
    maxv                                     0x200000d4   Data           4  time.o(.data)
    sin_Wave                                 0x200000d8   Data         400  ui.o(.data)
    init_Flag                                0x20000268   Data           1  ui.o(.data)
    bk                                       0x20000269   Data           1  ui.o(.data)
    width_Flag                               0x2000026a   Data           1  ui.o(.data)
    clear_Flag                               0x2000026b   Data           1  ui.o(.data)
    zx_flag                                  0x2000026c   Data           1  ui.o(.data)
    vccx                                     0x2000026e   Data           2  ui.o(.data)
    select                                   0x20000270   Data           1  ui.o(.data)
    increase                                 0x20000271   Data           1  ui.o(.data)
    reduce                                   0x20000272   Data           1  ui.o(.data)
    flag                                     0x20000273   Data           1  ui.o(.data)
    max                                      0x20000274   Data           2  ui.o(.data)
    min                                      0x20000276   Data           2  ui.o(.data)
    ADC_Value                                0x20000284   Data         512  adc.o(.bss)
    ave                                      0x20000484   Data         532  adc.o(.bss)
    average                                  0x20000698   Data          40  adc.o(.bss)
    diff                                     0x200006c0   Data          40  time.o(.bss)
    oscilldev                                0x200006e8   Data         268  ui.o(.bss)
    InBufArray                               0x200007f4   Data        1024  fft_calculate.o(.bss)
    OutBufArray                              0x20000bf4   Data         512  fft_calculate.o(.bss)
    MagBufArray                              0x20000df4   Data         512  fft_calculate.o(.bss)
    zm                                       0x20000ff4   Data         512  fft_calculate.o(.bss)
    a                                        0x200011f4   Data         512  fft_calculate.o(.bss)
    __initial_sp                             0x200017f8   Data           0  startup_stm32f10x_hd.o(STACK)



==============================================================================

Memory Map of the image

  Image Entry point : 0x08000131

  Load Region LR_IROM1 (Base: 0x08000000, Size: 0x00005c74, Max: 0x00080000, ABSOLUTE, COMPRESSED[0x00005b24])

    Execution Region ER_IROM1 (Exec base: 0x08000000, Load base: 0x08000000, Size: 0x000059f0, Max: 0x00080000, ABSOLUTE)

    Exec Addr    Load Addr    Size         Type   Attr      Idx    E Section Name        Object

    0x08000000   0x08000000   0x00000130   Data   RO          291    RESET               startup_stm32f10x_hd.o
    0x08000130   0x08000130   0x00000000   Code   RO         2918  * .ARM.Collect$$$$00000000  mc_w.l(entry.o)
    0x08000130   0x08000130   0x00000004   Code   RO         3206    .ARM.Collect$$$$00000001  mc_w.l(entry2.o)
    0x08000134   0x08000134   0x00000004   Code   RO         3209    .ARM.Collect$$$$00000004  mc_w.l(entry5.o)
    0x08000138   0x08000138   0x00000000   Code   RO         3211    .ARM.Collect$$$$00000008  mc_w.l(entry7b.o)
    0x08000138   0x08000138   0x00000000   Code   RO         3213    .ARM.Collect$$$$0000000A  mc_w.l(entry8b.o)
    0x08000138   0x08000138   0x00000008   Code   RO         3214    .ARM.Collect$$$$0000000B  mc_w.l(entry9a.o)
    0x08000140   0x08000140   0x00000000   Code   RO         3216    .ARM.Collect$$$$0000000D  mc_w.l(entry10a.o)
    0x08000140   0x08000140   0x00000000   Code   RO         3218    .ARM.Collect$$$$0000000F  mc_w.l(entry11a.o)
    0x08000140   0x08000140   0x00000004   Code   RO         3207    .ARM.Collect$$$$00002712  mc_w.l(entry2.o)
    0x08000144   0x08000144   0x00000024   Code   RO          292    .text               startup_stm32f10x_hd.o
    0x08000168   0x08000168   0x000005de   Code   RO         2879    .text               cr4_fft_256_stm32.o
    0x08000746   0x08000746   0x000000b0   Code   RO         3182    .text               mf_w.l(fadd.o)
    0x080007f6   0x080007f6   0x00000064   Code   RO         3184    .text               mf_w.l(fmul.o)
    0x0800085a   0x0800085a   0x0000007c   Code   RO         3186    .text               mf_w.l(fdiv.o)
    0x080008d6   0x080008d6   0x000000e4   Code   RO         3188    .text               mf_w.l(dmul.o)
    0x080009ba   0x080009ba   0x000000de   Code   RO         3190    .text               mf_w.l(ddiv.o)
    0x08000a98   0x08000a98   0x00000012   Code   RO         3192    .text               mf_w.l(fflti.o)
    0x08000aaa   0x08000aaa   0x0000000a   Code   RO         3194    .text               mf_w.l(ffltui.o)
    0x08000ab4   0x08000ab4   0x0000001a   Code   RO         3196    .text               mf_w.l(dfltui.o)
    0x08000ace   0x08000ace   0x00000032   Code   RO         3198    .text               mf_w.l(ffixi.o)
    0x08000b00   0x08000b00   0x00000028   Code   RO         3200    .text               mf_w.l(ffixui.o)
    0x08000b28   0x08000b28   0x00000026   Code   RO         3202    .text               mf_w.l(f2d.o)
    0x08000b4e   0x08000b4e   0x00000038   Code   RO         3204    .text               mf_w.l(d2f.o)
    0x08000b86   0x08000b86   0x0000002c   Code   RO         3223    .text               mc_w.l(uidiv.o)
    0x08000bb2   0x08000bb2   0x00000062   Code   RO         3225    .text               mc_w.l(uldiv.o)
    0x08000c14   0x08000c14   0x00000000   Code   RO         3234    .text               mc_w.l(iusefp.o)
    0x08000c14   0x08000c14   0x0000006e   Code   RO         3235    .text               mf_w.l(fepilogue.o)
    0x08000c82   0x08000c82   0x000000ba   Code   RO         3237    .text               mf_w.l(depilogue.o)
    0x08000d3c   0x08000d3c   0x0000014e   Code   RO         3239    .text               mf_w.l(dadd.o)
    0x08000e8a   0x08000e8a   0x000000a2   Code   RO         3241    .text               mf_w.l(dsqrt.o)
    0x08000f2c   0x08000f2c   0x00000030   Code   RO         3243    .text               mf_w.l(dfixul.o)
    0x08000f5c   0x08000f5c   0x00000030   Code   RO         3247    .text               mf_w.l(cdrcmple.o)
    0x08000f8c   0x08000f8c   0x00000024   Code   RO         3249    .text               mc_w.l(init.o)
    0x08000fb0   0x08000fb0   0x0000001e   Code   RO         3252    .text               mc_w.l(llshl.o)
    0x08000fce   0x08000fce   0x00000020   Code   RO         3254    .text               mc_w.l(llushr.o)
    0x08000fee   0x08000fee   0x00000024   Code   RO         3256    .text               mc_w.l(llsshr.o)
    0x08001012   0x08001012   0x00000056   Code   RO         3267    .text               mc_w.l(__dczerorl2.o)
    0x08001068   0x08001068   0x00000090   Code   RO         2466    i.ADC1_DMA1_Init    adc.o
    0x080010f8   0x080010f8   0x0000009c   Code   RO         2467    i.ADC1_Init         adc.o
    0x08001194   0x08001194   0x00000016   Code   RO         1691    i.ADC_Cmd           stm32f10x_adc.o
    0x080011aa   0x080011aa   0x00000016   Code   RO         1692    i.ADC_DMACmd        stm32f10x_adc.o
    0x080011c0   0x080011c0   0x00000016   Code   RO         1696    i.ADC_ExternalTrigConvCmd  stm32f10x_adc.o
    0x080011d6   0x080011d6   0x00000014   Code   RO         1699    i.ADC_GetCalibrationStatus  stm32f10x_adc.o
    0x080011ea   0x080011ea   0x00000014   Code   RO         1705    i.ADC_GetResetCalibrationStatus  stm32f10x_adc.o
    0x080011fe   0x080011fe   0x00000002   PAD
    0x08001200   0x08001200   0x00000050   Code   RO         1709    i.ADC_Init          stm32f10x_adc.o
    0x08001250   0x08001250   0x000000b8   Code   RO         1713    i.ADC_RegularChannelConfig  stm32f10x_adc.o
    0x08001308   0x08001308   0x0000000a   Code   RO         1714    i.ADC_ResetCalibration  stm32f10x_adc.o
    0x08001312   0x08001312   0x0000000a   Code   RO         1718    i.ADC_StartCalibration  stm32f10x_adc.o
    0x0800131c   0x0800131c   0x00000004   Code   RO          143    i.BusFault_Handler  stm32f10x_it.o
    0x08001320   0x08001320   0x00000078   Code   RO         2468    i.DMA1_Channel1_IRQHandler  adc.o
    0x08001398   0x08001398   0x0000001c   Code   RO         1986    i.DMA_ClearITPendingBit  stm32f10x_dma.o
    0x080013b4   0x080013b4   0x00000018   Code   RO         1987    i.DMA_Cmd           stm32f10x_dma.o
    0x080013cc   0x080013cc   0x0000014c   Code   RO         1988    i.DMA_DeInit        stm32f10x_dma.o
    0x08001518   0x08001518   0x00000012   Code   RO         1992    i.DMA_ITConfig      stm32f10x_dma.o
    0x0800152a   0x0800152a   0x0000003c   Code   RO         1993    i.DMA_Init          stm32f10x_dma.o
    0x08001566   0x08001566   0x00000002   Code   RO          144    i.DebugMon_Handler  stm32f10x_it.o
    0x08001568   0x08001568   0x00000128   Code   RO         2666    i.Draw_Hz_Select    ui.o
    0x08001690   0x08001690   0x000000cc   Code   RO         2667    i.Draw_Menu         ui.o
    0x0800175c   0x0800175c   0x000000e4   Code   RO         2668    i.Draw_Normal       ui.o
    0x08001840   0x08001840   0x00000048   Code   RO         2669    i.Draw_Oscilldev    ui.o
    0x08001888   0x08001888   0x000001c0   Code   RO         2670    i.Draw_Sin          ui.o
    0x08001a48   0x08001a48   0x000000b4   Code   RO         2672    i.Draw_Width        ui.o
    0x08001afc   0x08001afc   0x00000116   Code   RO          303    i.GPIO_Init         stm32f10x_gpio.o
    0x08001c12   0x08001c12   0x00000002   PAD
    0x08001c14   0x08001c14   0x00000090   Code   RO          305    i.GPIO_PinRemapConfig  stm32f10x_gpio.o
    0x08001ca4   0x08001ca4   0x00000004   Code   RO          311    i.GPIO_SetBits      stm32f10x_gpio.o
    0x08001ca8   0x08001ca8   0x000000dc   Code   RO         2885    i.GetPowerMag       fft_calculate.o
    0x08001d84   0x08001d84   0x00000194   Code   RO         2675    i.Gui_DrawFont_GBK16  ui.o
    0x08001f18   0x08001f18   0x00000080   Code   RO         2677    i.Gui_DrawFont_Num32  ui.o
    0x08001f98   0x08001f98   0x00000020   Code   RO         2570    i.Gui_DrawPoint     lcd.o
    0x08001fb8   0x08001fb8   0x00000004   Code   RO          145    i.HardFault_Handler  stm32f10x_it.o
    0x08001fbc   0x08001fbc   0x00000030   Code   RO         2841    i.JTAG_Set          systick.o
    0x08001fec   0x08001fec   0x00000088   Code   RO         2819    i.KEY_Init          key.o
    0x08002074   0x08002074   0x00000084   Code   RO         2820    i.KEY_Scan          key.o
    0x080020f8   0x080020f8   0x000000b4   Code   RO         2571    i.LCD_GPIO_Init     lcd.o
    0x080021ac   0x080021ac   0x00000030   Code   RO         2572    i.LCD_WriteData_16Bit  lcd.o
    0x080021dc   0x080021dc   0x00000032   Code   RO         2573    i.Lcd_Clear         lcd.o
    0x0800220e   0x0800220e   0x00000222   Code   RO         2574    i.Lcd_Init          lcd.o
    0x08002430   0x08002430   0x00000024   Code   RO         2576    i.Lcd_Reset         lcd.o
    0x08002454   0x08002454   0x00000056   Code   RO         2577    i.Lcd_SetRegion     lcd.o
    0x080024aa   0x080024aa   0x00000002   PAD
    0x080024ac   0x080024ac   0x00000028   Code   RO         2579    i.Lcd_WriteData     lcd.o
    0x080024d4   0x080024d4   0x00000028   Code   RO         2580    i.Lcd_WriteIndex    lcd.o
    0x080024fc   0x080024fc   0x00000004   Code   RO          146    i.MemManage_Handler  stm32f10x_it.o
    0x08002500   0x08002500   0x00000002   Code   RO          147    i.NMI_Handler       stm32f10x_it.o
    0x08002502   0x08002502   0x00000002   PAD
    0x08002504   0x08002504   0x00000070   Code   RO          633    i.NVIC_Init         misc.o
    0x08002574   0x08002574   0x00000014   Code   RO          634    i.NVIC_PriorityGroupConfig  misc.o
    0x08002588   0x08002588   0x00000002   Code   RO          148    i.PendSV_Handler    stm32f10x_it.o
    0x0800258a   0x0800258a   0x00000002   PAD
    0x0800258c   0x0800258c   0x00000020   Code   RO          434    i.RCC_AHBPeriphClockCmd  stm32f10x_rcc.o
    0x080025ac   0x080025ac   0x00000020   Code   RO          435    i.RCC_APB1PeriphClockCmd  stm32f10x_rcc.o
    0x080025cc   0x080025cc   0x00000020   Code   RO          437    i.RCC_APB2PeriphClockCmd  stm32f10x_rcc.o
    0x080025ec   0x080025ec   0x0000003c   Code   RO         2582    i.SPI_WriteData     lcd.o
    0x08002628   0x08002628   0x00000002   Code   RO          149    i.SVC_Handler       stm32f10x_it.o
    0x0800262a   0x0800262a   0x00000008   Code   RO         2422    i.SetSysClock       system_stm32f10x.o
    0x08002632   0x08002632   0x00000002   PAD
    0x08002634   0x08002634   0x000000e0   Code   RO         2423    i.SetSysClockTo72   system_stm32f10x.o
    0x08002714   0x08002714   0x00000028   Code   RO          637    i.SysTick_CLKSourceConfig  misc.o
    0x0800273c   0x0800273c   0x00000002   Code   RO          150    i.SysTick_Handler   stm32f10x_it.o
    0x0800273e   0x0800273e   0x00000002   PAD
    0x08002740   0x08002740   0x0000003c   Code   RO         2842    i.SysTick_Init      systick.o
    0x0800277c   0x0800277c   0x00000060   Code   RO         2425    i.SystemInit        system_stm32f10x.o
    0x080027dc   0x080027dc   0x00000080   Code   RO          723    i.TI1_Config        stm32f10x_tim.o
    0x0800285c   0x0800285c   0x00000098   Code   RO          724    i.TI2_Config        stm32f10x_tim.o
    0x080028f4   0x080028f4   0x00000090   Code   RO          725    i.TI3_Config        stm32f10x_tim.o
    0x08002984   0x08002984   0x00000098   Code   RO          726    i.TI4_Config        stm32f10x_tim.o
    0x08002a1c   0x08002a1c   0x00000094   Code   RO         2469    i.TIM1_Init         adc.o
    0x08002ab0   0x08002ab0   0x000000a8   Code   RO         2538    i.TIM2_Cap_Init     time.o
    0x08002b58   0x08002b58   0x000000a4   Code   RO         2539    i.TIM2_IRQHandler   time.o
    0x08002bfc   0x08002bfc   0x00000006   Code   RO          734    i.TIM_ClearITPendingBit  stm32f10x_tim.o
    0x08002c02   0x08002c02   0x00000018   Code   RO          739    i.TIM_Cmd           stm32f10x_tim.o
    0x08002c1a   0x08002c1a   0x0000001e   Code   RO          741    i.TIM_CtrlPWMOutputs  stm32f10x_tim.o
    0x08002c38   0x08002c38   0x00000022   Code   RO          760    i.TIM_GetITStatus   stm32f10x_tim.o
    0x08002c5a   0x08002c5a   0x00000002   PAD
    0x08002c5c   0x08002c5c   0x000000ac   Code   RO          762    i.TIM_ICInit        stm32f10x_tim.o
    0x08002d08   0x08002d08   0x00000012   Code   RO          764    i.TIM_ITConfig      stm32f10x_tim.o
    0x08002d1a   0x08002d1a   0x00000002   PAD
    0x08002d1c   0x08002d1c   0x00000098   Code   RO          768    i.TIM_OC1Init       stm32f10x_tim.o
    0x08002db4   0x08002db4   0x0000001a   Code   RO          780    i.TIM_OC3PolarityConfig  stm32f10x_tim.o
    0x08002dce   0x08002dce   0x00000004   Code   RO          800    i.TIM_SetCompare1   stm32f10x_tim.o
    0x08002dd2   0x08002dd2   0x00000004   Code   RO          804    i.TIM_SetCounter    stm32f10x_tim.o
    0x08002dd6   0x08002dd6   0x00000012   Code   RO          805    i.TIM_SetIC1Prescaler  stm32f10x_tim.o
    0x08002de8   0x08002de8   0x0000001a   Code   RO          806    i.TIM_SetIC2Prescaler  stm32f10x_tim.o
    0x08002e02   0x08002e02   0x00000012   Code   RO          807    i.TIM_SetIC3Prescaler  stm32f10x_tim.o
    0x08002e14   0x08002e14   0x0000001a   Code   RO          808    i.TIM_SetIC4Prescaler  stm32f10x_tim.o
    0x08002e2e   0x08002e2e   0x00000002   PAD
    0x08002e30   0x08002e30   0x000000a4   Code   RO          810    i.TIM_TimeBaseInit  stm32f10x_tim.o
    0x08002ed4   0x08002ed4   0x00000012   Code   RO          811    i.TIM_TimeBaseStructInit  stm32f10x_tim.o
    0x08002ee6   0x08002ee6   0x00000004   Code   RO          151    i.UsageFault_Handler  stm32f10x_it.o
    0x08002eea   0x08002eea   0x00000002   PAD
    0x08002eec   0x08002eec   0x00000028   Code   RO         3156    i.__0sprintf        mc_w.l(printfa.o)
    0x08002f14   0x08002f14   0x0000000e   Code   RO         3261    i.__scatterload_copy  mc_w.l(handlers.o)
    0x08002f22   0x08002f22   0x00000002   Code   RO         3262    i.__scatterload_null  mc_w.l(handlers.o)
    0x08002f24   0x08002f24   0x0000000e   Code   RO         3263    i.__scatterload_zeroinit  mc_w.l(handlers.o)
    0x08002f32   0x08002f32   0x00000002   PAD
    0x08002f34   0x08002f34   0x0000000c   Code   RO         3229    i.__set_errno       mc_w.l(errno.o)
    0x08002f40   0x08002f40   0x00000184   Code   RO         3161    i._fp_digits        mc_w.l(printfa.o)
    0x080030c4   0x080030c4   0x000006dc   Code   RO         3162    i._printf_core      mc_w.l(printfa.o)
    0x080037a0   0x080037a0   0x00000024   Code   RO         3163    i._printf_post_padding  mc_w.l(printfa.o)
    0x080037c4   0x080037c4   0x0000002e   Code   RO         3164    i._printf_pre_padding  mc_w.l(printfa.o)
    0x080037f2   0x080037f2   0x0000000a   Code   RO         3166    i._sputc            mc_w.l(printfa.o)
    0x080037fc   0x080037fc   0x0000004a   Code   RO         2583    i.clear_Line        lcd.o
    0x08003846   0x08003846   0x00000002   PAD
    0x08003848   0x08003848   0x000000bc   Code   RO         2470    i.dataFilter        adc.o
    0x08003904   0x08003904   0x0000004c   Code   RO         2843    i.delay_ms          systick.o
    0x08003950   0x08003950   0x0000004c   Code   RO         2844    i.delay_us          systick.o
    0x0800399c   0x0800399c   0x000002a0   Code   RO         2540    i.frep_Filter       time.o
    0x08003c3c   0x08003c3c   0x00000130   Code   RO            1    i.main              main.o
    0x08003d6c   0x08003d6c   0x00000150   Code   RO         2682    i.move_Select       ui.o
    0x08003ebc   0x08003ebc   0x00000012   Code   RO         2683    i.my_abs            ui.o
    0x08003ece   0x08003ece   0x0000004c   Code   RO         2911    i.sqrt              m_ws.l(sqrt.o)
    0x08003f1a   0x08003f1a   0x00000002   PAD
    0x08003f1c   0x08003f1c   0x000000dc   Code   RO         2471    i.vcc_Filter        adc.o
    0x08003ff8   0x08003ff8   0x000019d8   Data   RO         2686    .constdata          ui.o
    0x080059d0   0x080059d0   0x00000020   Data   RO         3259    Region$$Table       anon$$obj.o


    Execution Region RW_IRAM1 (Exec base: 0x20000000, Load base: 0x080059f0, Size: 0x000017f8, Max: 0x00010000, ABSOLUTE, COMPRESSED[0x00000134])

    Exec Addr    Load Addr    Size         Type   Attr      Idx    E Section Name        Object

    0x20000000   COMPRESSED   0x00000005   Data   RW            2    .data               main.o
    0x20000005   COMPRESSED   0x00000003   PAD
    0x20000008   COMPRESSED   0x000000b4   Data   RW         2473    .data               adc.o
    0x200000bc   COMPRESSED   0x0000001c   Data   RW         2542    .data               time.o
    0x200000d8   COMPRESSED   0x000001a0   Data   RW         2687    .data               ui.o
    0x20000278   COMPRESSED   0x00000001   Data   RW         2821    .data               key.o
    0x20000279   COMPRESSED   0x00000001   PAD
    0x2000027a   COMPRESSED   0x00000004   Data   RW         2845    .data               systick.o
    0x2000027e   COMPRESSED   0x00000002   PAD
    0x20000280   COMPRESSED   0x00000004   Data   RW         3230    .data               mc_w.l(errno.o)
    0x20000284        -       0x0000043c   Zero   RW         2472    .bss                adc.o
    0x200006c0        -       0x00000028   Zero   RW         2541    .bss                time.o
    0x200006e8        -       0x0000010c   Zero   RW         2685    .bss                ui.o
    0x200007f4        -       0x00000c00   Zero   RW         2886    .bss                fft_calculate.o
    0x200013f4   COMPRESSED   0x00000004   PAD
    0x200013f8        -       0x00000400   Zero   RW          289    STACK               startup_stm32f10x_hd.o


==============================================================================

Image component sizes


      Code (inc. data)   RO Data    RW Data    ZI Data      Debug   Object Name

       976        102          0        180       1084       5490   adc.o
      1502       1008          0          0          0        284   cr4_fft_256_stm32.o
       220         12          0          0       3072       1372   fft_calculate.o
       268         24          0          1          0       1054   key.o
      1192         46          0          0          0       5903   lcd.o
       304         32          0          5          0     238910   main.o
       172         22          0          0          0       2077   misc.o
        36          8        304          0       1024        808   startup_stm32f10x_hd.o
       390         10          0          0          0       7416   stm32f10x_adc.o
       462         18          0          0          0       4549   stm32f10x_dma.o
       426          6          0          0          0     217141   stm32f10x_gpio.o
        26          0          0          0          0      42034   stm32f10x_it.o
        96         18          0          0          0       1714   stm32f10x_rcc.o
      1316        170          0          0          0      13030   stm32f10x_tim.o
       328         28          0          0          0       1785   system_stm32f10x.o
       260         26          0          4          0       2000   systick.o
      1004         78          0         28         40       3160   time.o
      2314        320       6616        416        268       9101   ui.o

    ----------------------------------------------------------------------
     11316       1928       6952        640       5492     557828   Object Totals
         0          0         32          0          0          0   (incl. Generated)
        24          0          0          6          4          0   (incl. Padding)

    ----------------------------------------------------------------------

      Code (inc. data)   RO Data    RW Data    ZI Data      Debug   Library Member Name

        76          0          0          0          0         84   sqrt.o
        86          0          0          0          0          0   __dczerorl2.o
         0          0          0          0          0          0   entry.o
         0          0          0          0          0          0   entry10a.o
         0          0          0          0          0          0   entry11a.o
         8          4          0          0          0          0   entry2.o
         4          0          0          0          0          0   entry5.o
         0          0          0          0          0          0   entry7b.o
         0          0          0          0          0          0   entry8b.o
         8          4          0          0          0          0   entry9a.o
        12          6          0          4          0         68   errno.o
        30          0          0          0          0          0   handlers.o
        36          8          0          0          0         68   init.o
         0          0          0          0          0          0   iusefp.o
        30          0          0          0          0         68   llshl.o
        36          0          0          0          0         68   llsshr.o
        32          0          0          0          0         68   llushr.o
      2276         86          0          0          0        520   printfa.o
        44          0          0          0          0         80   uidiv.o
        98          0          0          0          0         92   uldiv.o
        48          0          0          0          0         68   cdrcmple.o
        56          0          0          0          0         88   d2f.o
       334          0          0          0          0        148   dadd.o
       222          0          0          0          0        100   ddiv.o
       186          0          0          0          0        176   depilogue.o
        48          0          0          0          0         68   dfixul.o
        26          0          0          0          0         76   dfltui.o
       228          0          0          0          0         96   dmul.o
       162          0          0          0          0        100   dsqrt.o
        38          0          0          0          0         68   f2d.o
       176          0          0          0          0        140   fadd.o
       124          0          0          0          0         88   fdiv.o
       110          0          0          0          0        168   fepilogue.o
        50          0          0          0          0         68   ffixi.o
        40          0          0          0          0         68   ffixui.o
        18          0          0          0          0         68   fflti.o
        10          0          0          0          0         68   ffltui.o
       100          0          0          0          0         76   fmul.o

    ----------------------------------------------------------------------
      4756        108          0          4          0       2848   Library Totals
         4          0          0          0          0          0   (incl. Padding)

    ----------------------------------------------------------------------

      Code (inc. data)   RO Data    RW Data    ZI Data      Debug   Library Name

        76          0          0          0          0         84   m_ws.l
      2700        108          0          4          0       1032   mc_w.l
      1976          0          0          0          0       1732   mf_w.l

    ----------------------------------------------------------------------
      4756        108          0          4          0       2848   Library Totals

    ----------------------------------------------------------------------

==============================================================================


      Code (inc. data)   RO Data    RW Data    ZI Data      Debug   

     16072       2036       6952        644       5492     554720   Grand Totals
     16072       2036       6952        308       5492     554720   ELF Image Totals (compressed)
     16072       2036       6952        308          0          0   ROM Totals

==============================================================================

    Total RO  Size (Code + RO Data)                23024 (  22.48kB)
    Total RW  Size (RW Data + ZI Data)              6136 (   5.99kB)
    Total ROM Size (Code + RO Data + RW Data)      23332 (  22.79kB)

==============================================================================

